Archive member included to satisfy reference by file (symbol)

C:/ST/STM32CubeIDE_1.19.0/STM32CubeIDE/plugins/com.st.stm32cube.ide.mcu.externaltools.gnu-tools-for-stm32.14.3.rel1.win32_1.0.100.202602081740/tools/bin/../lib/gcc/arm-none-eabi/14.3.1/../../../../arm-none-eabi/lib/thumb/v7e-m+dp/hard\libc_nano.a(libc_a-exit.o)
                              C:/ST/STM32CubeIDE_1.19.0/STM32CubeIDE/plugins/com.st.stm32cube.ide.mcu.externaltools.gnu-tools-for-stm32.14.3.rel1.win32_1.0.100.202602081740/tools/bin/../lib/gcc/arm-none-eabi/14.3.1/../../../../arm-none-eabi/lib/thumb/v7e-m+dp/hard/crt0.o (exit)
C:/ST/STM32CubeIDE_1.19.0/STM32CubeIDE/plugins/com.st.stm32cube.ide.mcu.externaltools.gnu-tools-for-stm32.14.3.rel1.win32_1.0.100.202602081740/tools/bin/../lib/gcc/arm-none-eabi/14.3.1/../../../../arm-none-eabi/lib/thumb/v7e-m+dp/hard\libc_nano.a(libc_a-findfp.o)
                              C:/ST/STM32CubeIDE_1.19.0/STM32CubeIDE/plugins/com.st.stm32cube.ide.mcu.externaltools.gnu-tools-for-stm32.14.3.rel1.win32_1.0.100.202602081740/tools/bin/../lib/gcc/arm-none-eabi/14.3.1/../../../../arm-none-eabi/lib/thumb/v7e-m+dp/hard\libc_nano.a(libc_a-exit.o) (__stdio_exit_handler)
C:/ST/STM32CubeIDE_1.19.0/STM32CubeIDE/plugins/com.st.stm32cube.ide.mcu.externaltools.gnu-tools-for-stm32.14.3.rel1.win32_1.0.100.202602081740/tools/bin/../lib/gcc/arm-none-eabi/14.3.1/../../../../arm-none-eabi/lib/thumb/v7e-m+dp/hard\libc_nano.a(libc_a-fwalk.o)
                              C:/ST/STM32CubeIDE_1.19.0/STM32CubeIDE/plugins/com.st.stm32cube.ide.mcu.externaltools.gnu-tools-for-stm32.14.3.rel1.win32_1.0.100.202602081740/tools/bin/../lib/gcc/arm-none-eabi/14.3.1/../../../../arm-none-eabi/lib/thumb/v7e-m+dp/hard\libc_nano.a(libc_a-findfp.o) (_fwalk_sglue)
C:/ST/STM32CubeIDE_1.19.0/STM32CubeIDE/plugins/com.st.stm32cube.ide.mcu.externaltools.gnu-tools-for-stm32.14.3.rel1.win32_1.0.100.202602081740/tools/bin/../lib/gcc/arm-none-eabi/14.3.1/../../../../arm-none-eabi/lib/thumb/v7e-m+dp/hard\libc_nano.a(libc_a-stdio.o)
                              C:/ST/STM32CubeIDE_1.19.0/STM32CubeIDE/plugins/com.st.stm32cube.ide.mcu.externaltools.gnu-tools-for-stm32.14.3.rel1.win32_1.0.100.202602081740/tools/bin/../lib/gcc/arm-none-eabi/14.3.1/../../../../arm-none-eabi/lib/thumb/v7e-m+dp/hard\libc_nano.a(libc_a-findfp.o) (__sread)
C:/ST/STM32CubeIDE_1.19.0/STM32CubeIDE/plugins/com.st.stm32cube.ide.mcu.externaltools.gnu-tools-for-stm32.14.3.rel1.win32_1.0.100.202602081740/tools/bin/../lib/gcc/arm-none-eabi/14.3.1/../../../../arm-none-eabi/lib/thumb/v7e-m+dp/hard\libc_nano.a(libc_a-memset.o)
                              C:/ST/STM32CubeIDE_1.19.0/STM32CubeIDE/plugins/com.st.stm32cube.ide.mcu.externaltools.gnu-tools-for-stm32.14.3.rel1.win32_1.0.100.202602081740/tools/bin/../lib/gcc/arm-none-eabi/14.3.1/../../../../arm-none-eabi/lib/thumb/v7e-m+dp/hard/crt0.o (memset)
C:/ST/STM32CubeIDE_1.19.0/STM32CubeIDE/plugins/com.st.stm32cube.ide.mcu.externaltools.gnu-tools-for-stm32.14.3.rel1.win32_1.0.100.202602081740/tools/bin/../lib/gcc/arm-none-eabi/14.3.1/../../../../arm-none-eabi/lib/thumb/v7e-m+dp/hard\libc_nano.a(libc_a-closer.o)
                              C:/ST/STM32CubeIDE_1.19.0/STM32CubeIDE/plugins/com.st.stm32cube.ide.mcu.externaltools.gnu-tools-for-stm32.14.3.rel1.win32_1.0.100.202602081740/tools/bin/../lib/gcc/arm-none-eabi/14.3.1/../../../../arm-none-eabi/lib/thumb/v7e-m+dp/hard\libc_nano.a(libc_a-stdio.o) (_close_r)
C:/ST/STM32CubeIDE_1.19.0/STM32CubeIDE/plugins/com.st.stm32cube.ide.mcu.externaltools.gnu-tools-for-stm32.14.3.rel1.win32_1.0.100.202602081740/tools/bin/../lib/gcc/arm-none-eabi/14.3.1/../../../../arm-none-eabi/lib/thumb/v7e-m+dp/hard\libc_nano.a(libc_a-reent.o)
                              C:/ST/STM32CubeIDE_1.19.0/STM32CubeIDE/plugins/com.st.stm32cube.ide.mcu.externaltools.gnu-tools-for-stm32.14.3.rel1.win32_1.0.100.202602081740/tools/bin/../lib/gcc/arm-none-eabi/14.3.1/../../../../arm-none-eabi/lib/thumb/v7e-m+dp/hard\libc_nano.a(libc_a-closer.o) (errno)
C:/ST/STM32CubeIDE_1.19.0/STM32CubeIDE/plugins/com.st.stm32cube.ide.mcu.externaltools.gnu-tools-for-stm32.14.3.rel1.win32_1.0.100.202602081740/tools/bin/../lib/gcc/arm-none-eabi/14.3.1/../../../../arm-none-eabi/lib/thumb/v7e-m+dp/hard\libc_nano.a(libc_a-impure.o)
                              C:/ST/STM32CubeIDE_1.19.0/STM32CubeIDE/plugins/com.st.stm32cube.ide.mcu.externaltools.gnu-tools-for-stm32.14.3.rel1.win32_1.0.100.202602081740/tools/bin/../lib/gcc/arm-none-eabi/14.3.1/../../../../arm-none-eabi/lib/thumb/v7e-m+dp/hard\libc_nano.a(libc_a-reent.o) (_impure_ptr)
C:/ST/STM32CubeIDE_1.19.0/STM32CubeIDE/plugins/com.st.stm32cube.ide.mcu.externaltools.gnu-tools-for-stm32.14.3.rel1.win32_1.0.100.202602081740/tools/bin/../lib/gcc/arm-none-eabi/14.3.1/../../../../arm-none-eabi/lib/thumb/v7e-m+dp/hard\libc_nano.a(libc_a-lseekr.o)
[...]
Memory Configuration

Name             Origin             Length             Attributes
FLASH            0x08000000         0x00200000         xr
DTCMRAM          0x20000000         0x00020000         xrw
RAM_D1           0x24000000         0x00080000         xrw
RAM_D2           0x30000000         0x00048000         xrw
RAM_D3           0x38000000         0x00010000         xrw
ITCMRAM          0x00000000         0x00010000         xrw
*default*        0x00000000         0xffffffff

Linker script and memory map

LOAD C:/ST/STM32CubeIDE_1.19.0/STM32CubeIDE/plugins/com.st.stm32cube.ide.mcu.externaltools.gnu-tools-for-stm32.14.3.rel1.win32_1.0.100.202602081740/tools/bin/../lib/gcc/arm-none-eabi/14.3.1/thumb/v7e-m+dp/hard/crti.o
LOAD C:/ST/STM32CubeIDE_1.19.0/STM32CubeIDE/plugins/com.st.stm32cube.ide.mcu.externaltools.gnu-tools-for-stm32.14.3.rel1.win32_1.0.100.202602081740/tools/bin/../lib/gcc/arm-none-eabi/14.3.1/thumb/v7e-m+dp/hard/crtbegin.o
LOAD C:/ST/STM32CubeIDE_1.19.0/STM32CubeIDE/plugins/com.st.stm32cube.ide.mcu.externaltools.gnu-tools-for-stm32.14.3.rel1.win32_1.0.100.202602081740/tools/bin/../lib/gcc/arm-none-eabi/14.3.1/../../../../arm-none-eabi/lib/thumb/v7e-m+dp/hard/crt0.o
LOAD ./Core/Src/Robot_Joint.o
LOAD ./Core/Src/dac.o
LOAD ./Core/Src/fdcan.o
LOAD ./Core/Src/gpio.o
LOAD ./Core/Src/main.o
LOAD ./Core/Src/stm32h7xx_hal_msp.o
LOAD ./Core/Src/stm32h7xx_it.o
LOAD ./Core/Src/syscalls.o
LOAD ./Core/Src/sysmem.o
LOAD ./Core/Src/system_stm32h7xx.o
LOAD ./Core/Src/tim.o
LOAD ./Core/Startup/startup_stm32h743vitx.o
LOAD ./Drivers/STM32H7xx_HAL_Driver/Src/stm32h7xx_hal.o
LOAD ./Drivers/STM32H7xx_HAL_Driver/Src/stm32h7xx_hal_cortex.o
LOAD ./Drivers/STM32H7xx_HAL_Driver/Src/stm32h7xx_hal_dac.o
LOAD ./Drivers/STM32H7xx_HAL_Driver/Src/stm32h7xx_hal_dac_ex.o
LOAD ./Drivers/STM32H7xx_HAL_Driver/Src/stm32h7xx_hal_dma.o
LOAD ./Drivers/STM32H7xx_HAL_Driver/Src/stm32h7xx_hal_dma_ex.o
LOAD ./Drivers/STM32H7xx_HAL_Driver/Src/stm32h7xx_hal_exti.o
LOAD ./Drivers/STM32H7xx_HAL_Driver/Src/stm32h7xx_hal_fdcan.o
LOAD ./Drivers/STM32H7xx_HAL_Driver/Src/stm32h7xx_hal_flash.o
LOAD ./Drivers/STM32H7xx_HAL_Driver/Src/stm32h7xx_hal_flash_ex.o
LOAD ./Drivers/STM32H7xx_HAL_Driver/Src/stm32h7xx_hal_gpio.o
LOAD ./Drivers/STM32H7xx_HAL_Driver/Src/stm32h7xx_hal_hsem.o
LOAD ./Drivers/STM32H7xx_HAL_Driver/Src/stm32h7xx_hal_i2c.o
LOAD ./Drivers/STM32H7xx_HAL_Driver/Src/stm32h7xx_hal_i2c_ex.o
LOAD ./Drivers/STM32H7xx_HAL_Driver/Src/stm32h7xx_hal_mdma.o
LOAD ./Drivers/STM32H7xx_HAL_Driver/Src/stm32h7xx_hal_pwr.o
LOAD ./Drivers/STM32H7xx_HAL_Driver/Src/stm32h7xx_hal_pwr_ex.o
LOAD ./Drivers/STM32H7xx_HAL_Driver/Src/stm32h7xx_hal_rcc.o
LOAD ./Drivers/STM32H7xx_HAL_Driver/Src/stm32h7xx_hal_rcc_ex.o
LOAD ./Drivers/STM32H7xx_HAL_Driver/Src/stm32h7xx_hal_tim.o
LOAD ./Drivers/STM32H7xx_HAL_Driver/Src/stm32h7xx_hal_tim_ex.o
LOAD ./Drivers/STM32H7xx_HAL_Driver/Src/stm32h7xx_ll_dma.o
LOAD ./Drivers/STM32H7xx_HAL_Driver/Src/stm32h7xx_ll_exti.o
LOAD ./Drivers/STM32H7xx_HAL_Driver/Src/stm32h7xx_ll_gpio.o
LOAD ./Drivers/STM32H7xx_HAL_Driver/Src/stm32h7xx_ll_rcc.o
LOAD ./Drivers/STM32H7xx_HAL_Driver/Src/stm32h7xx_ll_tim.o
LOAD ./Drivers/STM32H7xx_HAL_Driver/Src/stm32h7xx_ll_utils.o
START GROUP
LOAD C:/ST/STM32CubeIDE_1.19.0/STM32CubeIDE/plugins/com.st.stm32cube.ide.mcu.externaltools.gnu-tools-for-stm32.14.3.rel1.win32_1.0.100.202602081740/tools/bin/../lib/gcc/arm-none-eabi/14.3.1/../../../../arm-none-eabi/lib/thumb/v7e-m+dp/hard\libc_nano.a
LOAD C:/ST/STM32CubeIDE_1.19.0/STM32CubeIDE/plugins/com.st.stm32cube.ide.mcu.externaltools.gnu-tools-for-stm32.14.3.rel1.win32_1.0.100.202602081740/tools/bin/../lib/gcc/arm-none-eabi/14.3.1/../../../../arm-none-eabi/lib/thumb/v7e-m+dp/hard\libm.a
END GROUP
START GROUP
LOAD C:/ST/STM32CubeIDE_1.19.0/STM32CubeIDE/plugins/com.st.stm32cube.ide.mcu.externaltools.gnu-tools-for-stm32.14.3.rel1.win32_1.0.100.202602081740/tools/bin/../lib/gcc/arm-none-eabi/14.3.1/thumb/v7e-m+dp/hard\libgcc.a
LOAD C:/ST/STM32CubeIDE_1.19.0/STM32CubeIDE/plugins/com.st.stm32cube.ide.mcu.externaltools.gnu-tools-for-stm32.14.3.rel1.win32_1.0.100.202602081740/tools/bin/../lib/gcc/arm-none-eabi/14.3.1/../../../../arm-none-eabi/lib/thumb/v7e-m+dp/hard\libc_nano.a
END GROUP
START GROUP
LOAD C:/ST/STM32CubeIDE_1.19.0/STM32CubeIDE/plugins/com.st.stm32cube.ide.mcu.externaltools.gnu-tools-for-stm32.14.3.rel1.win32_1.0.100.202602081740/tools/bin/../lib/gcc/arm-none-eabi/14.3.1/thumb/v7e-m+dp/hard\libgcc.a
LOAD C:/ST/STM32CubeIDE_1.19.0/STM32CubeIDE/plugins/com.st.stm32cube.ide.mcu.externaltools.gnu-tools-for-stm32.14.3.rel1.win32_1.0.100.202602081740/tools/bin/../lib/gcc/arm-none-eabi/14.3.1/../../../../arm-none-eabi/lib/thumb/v7e-m+dp/hard\libc_nano.a
LOAD C:/ST/STM32CubeIDE_1.19.0/STM32CubeIDE/plugins/com.st.stm32cube.ide.mcu.externaltools.gnu-tools-for-stm32.14.3.rel1.win32_1.0.100.202602081740/tools/bin/../lib/gcc/arm-none-eabi/14.3.1/../../../../arm-none-eabi/lib/thumb/v7e-m+dp/hard\libnosys.a
END GROUP
START GROUP
LOAD C:/ST/STM32CubeIDE_1.19.0/STM32CubeIDE/plugins/com.st.stm32cube.ide.mcu.externaltools.gnu-tools-for-stm32.14.3.rel1.win32_1.0.100.202602081740/tools/bin/../lib/gcc/arm-none-eabi/14.3.1/thumb/v7e-m+dp/hard\libgcc.a
LOAD C:/ST/STM32CubeIDE_1.19.0/STM32CubeIDE/plugins/com.st.stm32cube.ide.mcu.externaltools.gnu-tools-for-stm32.14.3.rel1.win32_1.0.100.202602081740/tools/bin/../lib/gcc/arm-none-eabi/14.3.1/../../../../arm-none-eabi/lib/thumb/v7e-m+dp/hard\libc_nano.a
LOAD C:/ST/STM32CubeIDE_1.19.0/STM32CubeIDE/plugins/com.st.stm32cube.ide.mcu.externaltools.gnu-tools-for-stm32.14.3.rel1.win32_1.0.100.202602081740/tools/bin/../lib/gcc/arm-none-eabi/14.3.1/../../../../arm-none-eabi/lib/thumb/v7e-m+dp/hard\libnosys.a
END GROUP
LOAD C:/ST/STM32CubeIDE_1.19.0/STM32CubeIDE/plugins/com.st.stm32cube.ide.mcu.externaltools.gnu-tools-for-stm32.14.3.rel1.win32_1.0.100.202602081740/tools/bin/../lib/gcc/arm-none-eabi/14.3.1/thumb/v7e-m+dp/hard/crtend.o
LOAD C:/ST/STM32CubeIDE_1.19.0/STM32CubeIDE/plugins/com.st.stm32cube.ide.mcu.externaltools.gnu-tools-for-stm32.14.3.rel1.win32_1.0.100.202602081740/tools/bin/../lib/gcc/arm-none-eabi/14.3.1/thumb/v7e-m+dp/hard/crtn.o
                0x24080000                        _estack = (ORIGIN (RAM_D1) + LENGTH (RAM_D1))
                0x00000200                        _Min_Heap_Size = 0x200
                0x00000400                        _Min_Stack_Size = 0x400

.isr_vector     0x08000000      0x298
                0x08000000                        . = ALIGN (0x4)
 *(.isr_vector)
 .isr_vector    0x08000000      0x298 ./Core/Startup/startup_stm32h743vitx.o
                0x08000000                g_pfnVectors
                0x08000298                        . = ALIGN (0x4)

.text           0x08000298     0x5f64
                0x08000298                        . = ALIGN (0x4)
 *(.text)
 .text          0x08000298       0x40 C:/ST/STM32CubeIDE_1.19.0/STM32CubeIDE/plugins/com.st.stm32cube.ide.mcu.externaltools.gnu-tools-for-stm32.14.3.rel1.win32_1.0.100.202602081740/tools/bin/../lib/gcc/arm-none-eabi/14.3.1/thumb/v7e-m+dp/hard/crtbegin.o
 *(.text*)
 .text.Servo_Init
                0x080002d8       0x64 ./Core/Src/Robot_Joint.o
                0x080002d8                Servo_Init
 .text.Servo_Enable
                0x0800033c       0x24 ./Core/Src/Robot_Joint.o
                0x0800033c                Servo_Enable
 .text.Motor_Brake
                0x08000360       0x28 ./Core/Src/Robot_Joint.o
                0x08000360                Motor_Brake
 .text.Servo_PTO
                0x08000388      0x180 ./Core/Src/Robot_Joint.o
 .text.Servo_Fault_Handler
                0x08000508       0xa0 ./Core/Src/Robot_Joint.o
                0x08000508                Servo_Fault_Handler
 .text.Servo_Push_Command
                0x080005a8      0x1b8 ./Core/Src/Robot_Joint.o
                0x080005a8                Servo_Push_Command
 .text.HAL_TIM_PeriodElapsedCallback
                0x08000760       0x38 ./Core/Src/Robot_Joint.o
                0x08000760                HAL_TIM_PeriodElapsedCallback
 .text.MX_DAC1_Init
                0x08000798       0x78 ./Core/Src/dac.o
                0x08000798                MX_DAC1_Init
 .text.HAL_DAC_MspInit
                0x08000810       0x8c ./Core/Src/dac.o
                0x08000810                HAL_DAC_MspInit
 .text.LL_RCC_SetFDCANClockSource
                0x0800089c       0x28 ./Core/Src/fdcan.o
 .text.MX_FDCAN2_Init
                0x080008c4       0xfc ./Core/Src/fdcan.o
                0x080008c4                MX_FDCAN2_Init
 .text.HAL_FDCAN_MspInit
                0x080009c0       0xac ./Core/Src/fdcan.o
                0x080009c0                HAL_FDCAN_MspInit
 .text.CAN_Send_Command
                0x08000a6c       0x70 ./Core/Src/fdcan.o
                0x08000a6c                CAN_Send_Command
 .text.HAL_FDCAN_RxFifo0Callback
                0x08000adc       0xc0 ./Core/Src/fdcan.o
                0x08000adc                HAL_FDCAN_RxFifo0Callback
 .text.__NVIC_GetPriorityGrouping
                0x08000b9c       0x1c ./Core/Src/gpio.o
 .text.__NVIC_EnableIRQ
                0x08000bb8       0x3c ./Core/Src/gpio.o
 .text.__NVIC_SetPriority
                0x08000bf4       0x54 ./Core/Src/gpio.o
 .text.NVIC_EncodePriority
                0x08000c48       0x66 ./Core/Src/gpio.o
 *fill*         0x08000cae        0x2 
 .text.LL_AHB4_GRP1_EnableClock
                0x08000cb0       0x38 ./Core/Src/gpio.o
 .text.LL_SYSCFG_SetEXTISource
                0x08000ce8       0x70 ./Core/Src/gpio.o
 .text.LL_GPIO_SetPinMode
                0x08000d58       0x40 ./Core/Src/gpio.o
 .text.LL_GPIO_SetPinPull
                0x08000d98       0x40 ./Core/Src/gpio.o
 .text.LL_GPIO_ResetOutputPin
                0x08000dd8       0x1e ./Core/Src/gpio.o
 *fill*         0x08000df6        0x2 
 .text.MX_GPIO_Init
                0x08000df8      0x144 ./Core/Src/gpio.o
                0x08000df8                MX_GPIO_Init
 .text.LL_RCC_HSI_Enable
                0x08000f3c       0x20 ./Core/Src/main.o
 .text.LL_RCC_HSI_IsReady
                0x08000f5c       0x24 ./Core/Src/main.o
 .text.LL_RCC_HSI_SetDivider
                0x08000f80       0x28 ./Core/Src/main.o
 .text.LL_RCC_HSI_SetCalibTrimming
                0x08000fa8       0x50 ./Core/Src/main.o
 .text.LL_RCC_SetSysClkSource
                0x08000ff8       0x28 ./Core/Src/main.o
 .text.LL_RCC_GetSysClkSource
                0x08001020       0x1c ./Core/Src/main.o
 .text.LL_RCC_SetSysPrescaler
                0x0800103c       0x28 ./Core/Src/main.o
 .text.LL_RCC_SetAHBPrescaler
                0x08001064       0x28 ./Core/Src/main.o
 .text.LL_RCC_SetAPB1Prescaler
                0x0800108c       0x28 ./Core/Src/main.o
 .text.LL_RCC_SetAPB2Prescaler
                0x080010b4       0x28 ./Core/Src/main.o
 .text.LL_RCC_SetAPB3Prescaler
                0x080010dc       0x28 ./Core/Src/main.o
 .text.LL_RCC_SetAPB4Prescaler
                0x08001104       0x28 ./Core/Src/main.o
 .text.LL_RCC_PLL_SetSource
                0x0800112c       0x28 ./Core/Src/main.o
 .text.LL_RCC_PLL1_Enable
                0x08001154       0x20 ./Core/Src/main.o
 .text.LL_RCC_PLL1_IsReady
                0x08001174       0x28 ./Core/Src/main.o
 .text.LL_RCC_PLL1P_Enable
                0x0800119c       0x20 ./Core/Src/main.o
 .text.LL_RCC_PLL1Q_Enable
                0x080011bc       0x20 ./Core/Src/main.o
 .text.LL_RCC_PLL1R_Enable
                0x080011dc       0x20 ./Core/Src/main.o
 .text.LL_RCC_PLL1_SetVCOOutputRange
                0x080011fc       0x2c ./Core/Src/main.o
 .text.LL_RCC_PLL1_SetVCOInputRange
                0x08001228       0x2c ./Core/Src/main.o
 .text.LL_RCC_PLL1_SetN
                0x08001254       0x30 ./Core/Src/main.o
 .text.LL_RCC_PLL1_SetM
                0x08001284       0x2c ./Core/Src/main.o
 .text.LL_RCC_PLL1_SetP
                0x080012b0       0x2c ./Core/Src/main.o
 .text.LL_RCC_PLL1_SetQ
                0x080012dc       0x2c ./Core/Src/main.o
 .text.LL_RCC_PLL1_SetR
                0x08001308       0x2c ./Core/Src/main.o
 .text.LL_FLASH_SetLatency
                0x08001334       0x28 ./Core/Src/main.o
 .text.LL_FLASH_GetLatency
                0x0800135c       0x1c ./Core/Src/main.o
 .text.LL_PWR_ConfigSupply
                0x08001378       0x28 ./Core/Src/main.o
 .text.LL_PWR_SetRegulVoltageScaling
                0x080013a0       0x28 ./Core/Src/main.o
 .text.LL_PWR_IsActiveFlag_VOS
                0x080013c8       0x28 ./Core/Src/main.o
 .text.main     0x080013f0       0xac ./Core/Src/main.o
                0x080013f0                main
 .text.SystemClock_Config
                0x0800149c       0xf4 ./Core/Src/main.o
                0x0800149c                SystemClock_Config
 .text.MPU_Config
                0x08001590       0x58 ./Core/Src/main.o
 .text.Error_Handler
                0x080015e8        0xc ./Core/Src/main.o
                0x080015e8                Error_Handler
 .text.HAL_MspInit
                0x080015f4       0x34 ./Core/Src/stm32h7xx_hal_msp.o
                0x080015f4                HAL_MspInit
 .text.LL_EXTI_IsActiveFlag_0_31
                0x08001628       0x2c ./Core/Src/stm32h7xx_it.o
 .text.LL_EXTI_ClearFlag_0_31
                0x08001654       0x1e ./Core/Src/stm32h7xx_it.o
 .text.NMI_Handler
                0x08001672        0x8 ./Core/Src/stm32h7xx_it.o
                0x08001672                NMI_Handler
 .text.HardFault_Handler
                0x0800167a        0x8 ./Core/Src/stm32h7xx_it.o
                0x0800167a                HardFault_Handler
 .text.MemManage_Handler
                0x08001682        0x8 ./Core/Src/stm32h7xx_it.o
                0x08001682                MemManage_Handler
 .text.BusFault_Handler
                0x0800168a        0x8 ./Core/Src/stm32h7xx_it.o
                0x0800168a                BusFault_Handler
 .text.UsageFault_Handler
                0x08001692        0x8 ./Core/Src/stm32h7xx_it.o
                0x08001692                UsageFault_Handler
 .text.SVC_Handler
                0x0800169a        0xe ./Core/Src/stm32h7xx_it.o
                0x0800169a                SVC_Handler
 .text.DebugMon_Handler
                0x080016a8        0xe ./Core/Src/stm32h7xx_it.o
                0x080016a8                DebugMon_Handler
 .text.PendSV_Handler
                0x080016b6        0xe ./Core/Src/stm32h7xx_it.o
                0x080016b6                PendSV_Handler
 .text.SysTick_Handler
                0x080016c4        0xc ./Core/Src/stm32h7xx_it.o
                0x080016c4                SysTick_Handler
 .text.FDCAN2_IT0_IRQHandler
                0x080016d0       0x14 ./Core/Src/stm32h7xx_it.o
                0x080016d0                FDCAN2_IT0_IRQHandler
 .text.TIM1_UP_IRQHandler
                0x080016e4       0x14 ./Core/Src/stm32h7xx_it.o
                0x080016e4                TIM1_UP_IRQHandler
 .text.EXTI15_10_IRQHandler
                0x080016f8       0x48 ./Core/Src/stm32h7xx_it.o
                0x080016f8                EXTI15_10_IRQHandler
 .text.SystemInit
                0x08001740      0x140 ./Core/Src/system_stm32h7xx.o
                0x08001740                SystemInit
 .text.ExitRun0Mode
                0x08001880       0x18 ./Core/Src/system_stm32h7xx.o
                0x08001880                ExitRun0Mode
 .text.LL_AHB4_GRP1_EnableClock
                0x08001898       0x38 ./Core/Src/tim.o
 .text.LL_APB1_GRP1_EnableClock
                0x080018d0       0x38 ./Core/Src/tim.o
 .text.LL_TIM_DisableARRPreload
                0x08001908       0x20 ./Core/Src/tim.o
 .text.LL_TIM_IC_SetActiveInput
                0x08001928       0xb4 ./Core/Src/tim.o
 .text.LL_TIM_IC_SetPrescaler
                0x080019dc       0xb4 ./Core/Src/tim.o
 .text.LL_TIM_IC_SetFilter
                0x08001a90       0xb4 ./Core/Src/tim.o
 .text.LL_TIM_IC_SetPolarity
                0x08001b44       0xa0 ./Core/Src/tim.o
 .text.LL_TIM_SetEncoderMode
                0x08001be4       0x2c ./Core/Src/tim.o
 .text.LL_TIM_SetTriggerOutput
                0x08001c10       0x26 ./Core/Src/tim.o
 .text.LL_TIM_DisableMasterSlaveMode
                0x08001c36       0x20 ./Core/Src/tim.o
 *fill*         0x08001c56        0x2 
 .text.MX_TIM1_Init
                0x08001c58      0x16c ./Core/Src/tim.o
                0x08001c58                MX_TIM1_Init
 .text.MX_TIM3_Init
                0x08001dc4       0xf4 ./Core/Src/tim.o
                0x08001dc4                MX_TIM3_Init
 .text.HAL_TIM_Base_MspInit
                0x08001eb8       0x50 ./Core/Src/tim.o
                0x08001eb8                HAL_TIM_Base_MspInit
 .text.HAL_TIM_MspPostInit
                0x08001f08       0x78 ./Core/Src/tim.o
                0x08001f08                HAL_TIM_MspPostInit
 .text.Reset_Handler
                0x08001f80       0x54 ./Core/Startup/startup_stm32h743vitx.o
                0x08001f80                Reset_Handler
 .text.Default_Handler
                0x08001fd4        0x2 ./Core/Startup/startup_stm32h743vitx.o
                0x08001fd4                RTC_Alarm_IRQHandler
                0x08001fd4                EXTI2_IRQHandler
                0x08001fd4                TIM8_CC_IRQHandler
                0x08001fd4                HRTIM1_Master_IRQHandler
                0x08001fd4                UART8_IRQHandler
                0x08001fd4                SPI4_IRQHandler
                0x08001fd4                TIM1_CC_IRQHandler
                0x08001fd4                BDMA_Channel6_IRQHandler
                0x08001fd4                DMA2_Stream5_IRQHandler
                0x08001fd4                HRTIM1_FLT_IRQHandler
                0x08001fd4                JPEG_IRQHandler
                0x08001fd4                DMA1_Stream5_IRQHandler
                0x08001fd4                BDMA_Channel1_IRQHandler
                0x08001fd4                HRTIM1_TIMD_IRQHandler
                0x08001fd4                TAMP_STAMP_IRQHandler
                0x08001fd4                EXTI3_IRQHandler
                0x08001fd4                LPTIM4_IRQHandler
                0x08001fd4                TIM8_TRG_COM_TIM14_IRQHandler
                0x08001fd4                LPTIM2_IRQHandler
                0x08001fd4                DFSDM1_FLT1_IRQHandler
                0x08001fd4                DMAMUX2_OVR_IRQHandler
                0x08001fd4                TIM8_UP_TIM13_IRQHandler
                0x08001fd4                I2C3_ER_IRQHandler
                0x08001fd4                DFSDM1_FLT2_IRQHandler
                0x08001fd4                MDMA_IRQHandler
                0x08001fd4                LPTIM3_IRQHandler
                0x08001fd4                HSEM1_IRQHandler
                0x08001fd4                EXTI0_IRQHandler
                0x08001fd4                I2C2_EV_IRQHandler
                0x08001fd4                DMA1_Stream2_IRQHandler
                0x08001fd4                FPU_IRQHandler
                0x08001fd4                OTG_HS_WKUP_IRQHandler
                0x08001fd4                FDCAN1_IT1_IRQHandler
                0x08001fd4                LTDC_ER_IRQHandler
                0x08001fd4                DMA2_Stream2_IRQHandler
                0x08001fd4                HRTIM1_TIME_IRQHandler
                0x08001fd4                SPI1_IRQHandler
                0x08001fd4                TIM6_DAC_IRQHandler
                0x08001fd4                DCMI_IRQHandler
                0x08001fd4                HRTIM1_TIMC_IRQHandler
                0x08001fd4                DMA2_Stream3_IRQHandler
                0x08001fd4                SAI2_IRQHandler
                0x08001fd4                DFSDM1_FLT3_IRQHandler
                0x08001fd4                USART6_IRQHandler
                0x08001fd4                TIM17_IRQHandler
                0x08001fd4                USART3_IRQHandler
                0x08001fd4                BDMA_Channel7_IRQHandler
                0x08001fd4                LPTIM5_IRQHandler
                0x08001fd4                UART5_IRQHandler
                0x08001fd4                ADC3_IRQHandler
                0x08001fd4                DMA2_Stream0_IRQHandler
                0x08001fd4                TIM4_IRQHandler
                0x08001fd4                BDMA_Channel2_IRQHandler
                0x08001fd4                QUADSPI_IRQHandler
                0x08001fd4                I2C1_EV_IRQHandler
                0x08001fd4                DMA1_Stream6_IRQHandler
                0x08001fd4                DMAMUX1_OVR_IRQHandler
                0x08001fd4                DMA1_Stream1_IRQHandler
                0x08001fd4                TIM16_IRQHandler
                0x08001fd4                UART4_IRQHandler
                0x08001fd4                BDMA_Channel5_IRQHandler
                0x08001fd4                TIM3_IRQHandler
                0x08001fd4                RCC_IRQHandler
                0x08001fd4                TIM8_BRK_TIM12_IRQHandler
                0x08001fd4                TIM1_TRG_COM_IRQHandler
                0x08001fd4                Default_Handler
                0x08001fd4                ECC_IRQHandler
                0x08001fd4                CEC_IRQHandler
                0x08001fd4                BDMA_Channel0_IRQHandler
                0x08001fd4                ADC_IRQHandler
                0x08001fd4                DMA1_Stream7_IRQHandler
                0x08001fd4                HRTIM1_TIMA_IRQHandler
                0x08001fd4                SPI5_IRQHandler
                0x08001fd4                TIM7_IRQHandler
                0x08001fd4                SDMMC1_IRQHandler
                0x08001fd4                TIM5_IRQHandler
                0x08001fd4                DMA2_Stream7_IRQHandler
                0x08001fd4                TIM15_IRQHandler
                0x08001fd4                PVD_AVD_IRQHandler
                0x08001fd4                I2C3_EV_IRQHandler
                0x08001fd4                EXTI9_5_IRQHandler
                0x08001fd4                RTC_WKUP_IRQHandler
                0x08001fd4                LTDC_IRQHandler
                0x08001fd4                SAI3_IRQHandler
                0x08001fd4                ETH_WKUP_IRQHandler
                0x08001fd4                SPDIF_RX_IRQHandler
                0x08001fd4                SPI2_IRQHandler
                0x08001fd4                OTG_HS_EP1_IN_IRQHandler
                0x08001fd4                DMA1_Stream0_IRQHandler
                0x08001fd4                CRS_IRQHandler
                0x08001fd4                EXTI4_IRQHandler
                0x08001fd4                RNG_IRQHandler
                0x08001fd4                HRTIM1_TIMB_IRQHandler
                0x08001fd4                FDCAN2_IT1_IRQHandler
                0x08001fd4                ETH_IRQHandler
                0x08001fd4                BDMA_Channel4_IRQHandler
                0x08001fd4                OTG_HS_EP1_OUT_IRQHandler
                0x08001fd4                WWDG_IRQHandler
                0x08001fd4                SPI6_IRQHandler
                0x08001fd4                MDIOS_IRQHandler
                0x08001fd4                I2C4_EV_IRQHandler
                0x08001fd4                LPUART1_IRQHandler
                0x08001fd4                FDCAN1_IT0_IRQHandler
                0x08001fd4                TIM2_IRQHandler
                0x08001fd4                OTG_FS_WKUP_IRQHandler
                0x08001fd4                OTG_HS_IRQHandler
                0x08001fd4                DMA2D_IRQHandler
                0x08001fd4                TIM1_BRK_IRQHandler
                0x08001fd4                EXTI1_IRQHandler
                0x08001fd4                SDMMC2_IRQHandler
                0x08001fd4                OTG_FS_EP1_OUT_IRQHandler
                0x08001fd4                BDMA_Channel3_IRQHandler
                0x08001fd4                UART7_IRQHandler
                0x08001fd4                MDIOS_WKUP_IRQHandler
                0x08001fd4                USART2_IRQHandler
                0x08001fd4                DFSDM1_FLT0_IRQHandler
                0x08001fd4                SAI4_IRQHandler
                0x08001fd4                I2C2_ER_IRQHandler
                0x08001fd4                DMA2_Stream1_IRQHandler
                0x08001fd4                FLASH_IRQHandler
                0x08001fd4                DMA2_Stream4_IRQHandler
                0x08001fd4                USART1_IRQHandler
                0x08001fd4                OTG_FS_IRQHandler
                0x08001fd4                SPI3_IRQHandler
                0x08001fd4                WAKEUP_PIN_IRQHandler
                0x08001fd4                DMA1_Stream4_IRQHandler
                0x08001fd4                OTG_FS_EP1_IN_IRQHandler
                0x08001fd4                I2C1_ER_IRQHandler
                0x08001fd4                FMC_IRQHandler
                0x08001fd4                FDCAN_CAL_IRQHandler
                0x08001fd4                SWPMI1_IRQHandler
                0x08001fd4                COMP1_IRQHandler
                0x08001fd4                LPTIM1_IRQHandler
                0x08001fd4                I2C4_ER_IRQHandler
                0x08001fd4                DMA2_Stream6_IRQHandler
                0x08001fd4                SAI1_IRQHandler
                0x08001fd4                DMA1_Stream3_IRQHandler
 *fill*         0x08001fd6        0x2 
 .text.HAL_Init
                0x08001fd8       0x78 ./Drivers/STM32H7xx_HAL_Driver/Src/stm32h7xx_hal.o
                0x08001fd8                HAL_Init
 .text.HAL_InitTick
                0x08002050       0x6c ./Drivers/STM32H7xx_HAL_Driver/Src/stm32h7xx_hal.o
                0x08002050                HAL_InitTick
 .text.HAL_IncTick
                0x080020bc       0x28 ./Drivers/STM32H7xx_HAL_Driver/Src/stm32h7xx_hal.o
                0x080020bc                HAL_IncTick
 .text.HAL_GetTick
                0x080020e4       0x18 ./Drivers/STM32H7xx_HAL_Driver/Src/stm32h7xx_hal.o
                0x080020e4                HAL_GetTick
 .text.HAL_Delay
                0x080020fc       0x48 ./Drivers/STM32H7xx_HAL_Driver/Src/stm32h7xx_hal.o
                0x080020fc                HAL_Delay
 .text.__NVIC_SetPriorityGrouping
                0x08002144       0x48 ./Drivers/STM32H7xx_HAL_Driver/Src/stm32h7xx_hal_cortex.o
 .text.__NVIC_GetPriorityGrouping
                0x0800218c       0x1c ./Drivers/STM32H7xx_HAL_Driver/Src/stm32h7xx_hal_cortex.o
 .text.__NVIC_EnableIRQ
                0x080021a8       0x3c ./Drivers/STM32H7xx_HAL_Driver/Src/stm32h7xx_hal_cortex.o
 .text.__NVIC_SetPriority
                0x080021e4       0x54 ./Drivers/STM32H7xx_HAL_Driver/Src/stm32h7xx_hal_cortex.o
 .text.NVIC_EncodePriority
                0x08002238       0x66 ./Drivers/STM32H7xx_HAL_Driver/Src/stm32h7xx_hal_cortex.o
 *fill*         0x0800229e        0x2 
 .text.SysTick_Config
                0x080022a0       0x44 ./Drivers/STM32H7xx_HAL_Driver/Src/stm32h7xx_hal_cortex.o
 .text.HAL_NVIC_SetPriorityGrouping
                0x080022e4       0x16 ./Drivers/STM32H7xx_HAL_Driver/Src/stm32h7xx_hal_cortex.o
                0x080022e4                HAL_NVIC_SetPriorityGrouping
 .text.HAL_NVIC_SetPriority
                0x080022fa       0x34 ./Drivers/STM32H7xx_HAL_Driver/Src/stm32h7xx_hal_cortex.o
                0x080022fa                HAL_NVIC_SetPriority
 .text.HAL_NVIC_EnableIRQ
                0x0800232e       0x1c ./Drivers/STM32H7xx_HAL_Driver/Src/stm32h7xx_hal_cortex.o
                0x0800232e                HAL_NVIC_EnableIRQ
 .text.HAL_SYSTICK_Config
                0x0800234a       0x18 ./Drivers/STM32H7xx_HAL_Driver/Src/stm32h7xx_hal_cortex.o
                0x0800234a                HAL_SYSTICK_Config
 *fill*         0x08002362        0x2 
 .text.HAL_MPU_Disable
                0x08002364       0x30 ./Drivers/STM32H7xx_HAL_Driver/Src/stm32h7xx_hal_cortex.o
                0x08002364                HAL_MPU_Disable
 .text.HAL_MPU_Enable
                0x08002394       0x40 ./Drivers/STM32H7xx_HAL_Driver/Src/stm32h7xx_hal_cortex.o
                0x08002394                HAL_MPU_Enable
 .text.HAL_MPU_ConfigRegion
                0x080023d4       0x80 ./Drivers/STM32H7xx_HAL_Driver/Src/stm32h7xx_hal_cortex.o
                0x080023d4                HAL_MPU_ConfigRegion
 .text.HAL_DAC_Init
                0x08002454       0x44 ./Drivers/STM32H7xx_HAL_Driver/Src/stm32h7xx_hal_dac.o
                0x08002454                HAL_DAC_Init
 .text.HAL_DAC_Start
                0x08002498       0xae ./Drivers/STM32H7xx_HAL_Driver/Src/stm32h7xx_hal_dac.o
                0x08002498                HAL_DAC_Start
 .text.HAL_DAC_SetValue
                0x08002546       0x54 ./Drivers/STM32H7xx_HAL_Driver/Src/stm32h7xx_hal_dac.o
                0x08002546                HAL_DAC_SetValue
 *fill*         0x0800259a        0x2 
 .text.HAL_DAC_ConfigChannel
                0x0800259c      0x28c ./Drivers/STM32H7xx_HAL_Driver/Src/stm32h7xx_hal_dac.o
                0x0800259c                HAL_DAC_ConfigChannel
 .text.HAL_FDCAN_Init
                0x08002828      0x3bc ./Drivers/STM32H7xx_HAL_Driver/Src/stm32h7xx_hal_fdcan.o
                0x08002828                HAL_FDCAN_Init
 .text.HAL_FDCAN_ConfigFilter
                0x08002be4       0xec ./Drivers/STM32H7xx_HAL_Driver/Src/stm32h7xx_hal_fdcan.o
                0x08002be4                HAL_FDCAN_ConfigFilter
 .text.HAL_FDCAN_ConfigGlobalFilter
                0x08002cd0       0x5a ./Drivers/STM32H7xx_HAL_Driver/Src/stm32h7xx_hal_fdcan.o
                0x08002cd0                HAL_FDCAN_ConfigGlobalFilter
 .text.HAL_FDCAN_Start
                0x08002d2a       0x56 ./Drivers/STM32H7xx_HAL_Driver/Src/stm32h7xx_hal_fdcan.o
                0x08002d2a                HAL_FDCAN_Start
 .text.HAL_FDCAN_AddMessageToTxFifoQ
                0x08002d80       0xb6 ./Drivers/STM32H7xx_HAL_Driver/Src/stm32h7xx_hal_fdcan.o
                0x08002d80                HAL_FDCAN_AddMessageToTxFifoQ
 *fill*         0x08002e36        0x2 
 .text.HAL_FDCAN_GetRxMessage
                0x08002e38      0x2f4 ./Drivers/STM32H7xx_HAL_Driver/Src/stm32h7xx_hal_fdcan.o
                0x08002e38                HAL_FDCAN_GetRxMessage
 .text.HAL_FDCAN_GetRxFifoFillLevel
                0x0800312c       0x3c ./Drivers/STM32H7xx_HAL_Driver/Src/stm32h7xx_hal_fdcan.o
                0x0800312c                HAL_FDCAN_GetRxFifoFillLevel
 .text.HAL_FDCAN_ActivateNotification
                0x08003168       0xf4 ./Drivers/STM32H7xx_HAL_Driver/Src/stm32h7xx_hal_fdcan.o
                0x08003168                HAL_FDCAN_ActivateNotification
 .text.HAL_FDCAN_IRQHandler
                0x0800325c      0x4bc ./Drivers/STM32H7xx_HAL_Driver/Src/stm32h7xx_hal_fdcan.o
                0x0800325c                HAL_FDCAN_IRQHandler
 .text.HAL_FDCAN_ClockCalibrationCallback
                0x08003718       0x16 ./Drivers/STM32H7xx_HAL_Driver/Src/stm32h7xx_hal_fdcan.o
                0x08003718                HAL_FDCAN_ClockCalibrationCallback
 .text.HAL_FDCAN_TxEventFifoCallback
                0x0800372e       0x16 ./Drivers/STM32H7xx_HAL_Driver/Src/stm32h7xx_hal_fdcan.o
                0x0800372e                HAL_FDCAN_TxEventFifoCallback
 .text.HAL_FDCAN_RxFifo1Callback
                0x08003744       0x16 ./Drivers/STM32H7xx_HAL_Driver/Src/stm32h7xx_hal_fdcan.o
                0x08003744                HAL_FDCAN_RxFifo1Callback
 .text.HAL_FDCAN_TxFifoEmptyCallback
                0x0800375a       0x14 ./Drivers/STM32H7xx_HAL_Driver/Src/stm32h7xx_hal_fdcan.o
                0x0800375a                HAL_FDCAN_TxFifoEmptyCallback
 .text.HAL_FDCAN_TxBufferCompleteCallback
                0x0800376e       0x16 ./Drivers/STM32H7xx_HAL_Driver/Src/stm32h7xx_hal_fdcan.o
                0x0800376e                HAL_FDCAN_TxBufferCompleteCallback
 .text.HAL_FDCAN_TxBufferAbortCallback
                0x08003784       0x16 ./Drivers/STM32H7xx_HAL_Driver/Src/stm32h7xx_hal_fdcan.o
                0x08003784                HAL_FDCAN_TxBufferAbortCallback
 .text.HAL_FDCAN_RxBufferNewMessageCallback
                0x0800379a       0x14 ./Drivers/STM32H7xx_HAL_Driver/Src/stm32h7xx_hal_fdcan.o
                0x0800379a                HAL_FDCAN_RxBufferNewMessageCallback
 .text.HAL_FDCAN_TimestampWraparoundCallback
                0x080037ae       0x14 ./Drivers/STM32H7xx_HAL_Driver/Src/stm32h7xx_hal_fdcan.o
                0x080037ae                HAL_FDCAN_TimestampWraparoundCallback
 .text.HAL_FDCAN_TimeoutOccurredCallback
                0x080037c2       0x14 ./Drivers/STM32H7xx_HAL_Driver/Src/stm32h7xx_hal_fdcan.o
                0x080037c2                HAL_FDCAN_TimeoutOccurredCallback
 .text.HAL_FDCAN_HighPriorityMessageCallback
                0x080037d6       0x14 ./Drivers/STM32H7xx_HAL_Driver/Src/stm32h7xx_hal_fdcan.o
                0x080037d6                HAL_FDCAN_HighPriorityMessageCallback
 .text.HAL_FDCAN_ErrorCallback
                0x080037ea       0x14 ./Drivers/STM32H7xx_HAL_Driver/Src/stm32h7xx_hal_fdcan.o
                0x080037ea                HAL_FDCAN_ErrorCallback
 .text.HAL_FDCAN_ErrorStatusCallback
                0x080037fe       0x16 ./Drivers/STM32H7xx_HAL_Driver/Src/stm32h7xx_hal_fdcan.o
                0x080037fe                HAL_FDCAN_ErrorStatusCallback
 .text.HAL_FDCAN_TT_ScheduleSyncCallback
                0x08003814       0x16 ./Drivers/STM32H7xx_HAL_Driver/Src/stm32h7xx_hal_fdcan.o
                0x08003814                HAL_FDCAN_TT_ScheduleSyncCallback
 .text.HAL_FDCAN_TT_TimeMarkCallback
                0x0800382a       0x16 ./Drivers/STM32H7xx_HAL_Driver/Src/stm32h7xx_hal_fdcan.o
                0x0800382a                HAL_FDCAN_TT_TimeMarkCallback
 .text.HAL_FDCAN_TT_StopWatchCallback
                0x08003840       0x18 ./Drivers/STM32H7xx_HAL_Driver/Src/stm32h7xx_hal_fdcan.o
                0x08003840                HAL_FDCAN_TT_StopWatchCallback
 .text.HAL_FDCAN_TT_GlobalTimeCallback
                0x08003858       0x16 ./Drivers/STM32H7xx_HAL_Driver/Src/stm32h7xx_hal_fdcan.o
                0x08003858                HAL_FDCAN_TT_GlobalTimeCallback
 *fill*         0x0800386e        0x2 
 .text.FDCAN_CalculateRamBlockAddresses
                0x08003870      0x30c ./Drivers/STM32H7xx_HAL_Driver/Src/stm32h7xx_hal_fdcan.o
 .text.FDCAN_CopyMessageToRAM
                0x08003b7c       0xfc ./Drivers/STM32H7xx_HAL_Driver/Src/stm32h7xx_hal_fdcan.o
 .text.HAL_GPIO_Init
                0x08003c78      0x374 ./Drivers/STM32H7xx_HAL_Driver/Src/stm32h7xx_hal_gpio.o
                0x08003c78                HAL_GPIO_Init
 .text.HAL_GPIO_ReadPin
                0x08003fec       0x30 ./Drivers/STM32H7xx_HAL_Driver/Src/stm32h7xx_hal_gpio.o
                0x08003fec                HAL_GPIO_ReadPin
 .text.HAL_GPIO_WritePin
                0x0800401c       0x32 ./Drivers/STM32H7xx_HAL_Driver/Src/stm32h7xx_hal_gpio.o
                0x0800401c                HAL_GPIO_WritePin
 .text.HAL_GPIO_TogglePin
                0x0800404e       0x34 ./Drivers/STM32H7xx_HAL_Driver/Src/stm32h7xx_hal_gpio.o
                0x0800404e                HAL_GPIO_TogglePin
 *fill*         0x08004082        0x2 
 .text.HAL_RCC_GetSysClockFreq
                0x08004084      0x2f4 ./Drivers/STM32H7xx_HAL_Driver/Src/stm32h7xx_hal_rcc.o
                0x08004084                HAL_RCC_GetSysClockFreq
 .text.HAL_TIM_Base_Init
                0x08004378       0xae ./Drivers/STM32H7xx_HAL_Driver/Src/stm32h7xx_hal_tim.o
                0x08004378                HAL_TIM_Base_Init
 .text.HAL_TIM_PWM_Init
                0x08004426       0xae ./Drivers/STM32H7xx_HAL_Driver/Src/stm32h7xx_hal_tim.o
                0x08004426                HAL_TIM_PWM_Init
 .text.HAL_TIM_PWM_MspInit
                0x080044d4       0x14 ./Drivers/STM32H7xx_HAL_Driver/Src/stm32h7xx_hal_tim.o
                0x080044d4                HAL_TIM_PWM_MspInit
 .text.HAL_TIM_OnePulse_Init
                0x080044e8       0xa0 ./Drivers/STM32H7xx_HAL_Driver/Src/stm32h7xx_hal_tim.o
                0x080044e8                HAL_TIM_OnePulse_Init
 .text.HAL_TIM_OnePulse_MspInit
                0x08004588       0x14 ./Drivers/STM32H7xx_HAL_Driver/Src/stm32h7xx_hal_tim.o
                0x08004588                HAL_TIM_OnePulse_MspInit
 .text.HAL_TIM_IRQHandler
                0x0800459c      0x20e ./Drivers/STM32H7xx_HAL_Driver/Src/stm32h7xx_hal_tim.o
                0x0800459c                HAL_TIM_IRQHandler
 *fill*         0x080047aa        0x2 
 .text.HAL_TIM_PWM_ConfigChannel
                0x080047ac      0x228 ./Drivers/STM32H7xx_HAL_Driver/Src/stm32h7xx_hal_tim.o
                0x080047ac                HAL_TIM_PWM_ConfigChannel
 .text.HAL_TIM_ConfigClockSource
                0x080049d4      0x1f0 ./Drivers/STM32H7xx_HAL_Driver/Src/stm32h7xx_hal_tim.o
                0x080049d4                HAL_TIM_ConfigClockSource
 .text.HAL_TIM_OC_DelayElapsedCallback
                0x08004bc4       0x14 ./Drivers/STM32H7xx_HAL_Driver/Src/stm32h7xx_hal_tim.o
                0x08004bc4                HAL_TIM_OC_DelayElapsedCallback
 .text.HAL_TIM_IC_CaptureCallback
                0x08004bd8       0x14 ./Drivers/STM32H7xx_HAL_Driver/Src/stm32h7xx_hal_tim.o
                0x08004bd8                HAL_TIM_IC_CaptureCallback
 .text.HAL_TIM_PWM_PulseFinishedCallback
                0x08004bec       0x14 ./Drivers/STM32H7xx_HAL_Driver/Src/stm32h7xx_hal_tim.o
                0x08004bec                HAL_TIM_PWM_PulseFinishedCallback
 .text.HAL_TIM_TriggerCallback
                0x08004c00       0x14 ./Drivers/STM32H7xx_HAL_Driver/Src/stm32h7xx_hal_tim.o
                0x08004c00                HAL_TIM_TriggerCallback
 .text.TIM_Base_SetConfig
                0x08004c14      0x140 ./Drivers/STM32H7xx_HAL_Driver/Src/stm32h7xx_hal_tim.o
                0x08004c14                TIM_Base_SetConfig
 .text.TIM_OC1_SetConfig
                0x08004d54      0x124 ./Drivers/STM32H7xx_HAL_Driver/Src/stm32h7xx_hal_tim.o
 .text.TIM_OC2_SetConfig
                0x08004e78      0x118 ./Drivers/STM32H7xx_HAL_Driver/Src/stm32h7xx_hal_tim.o
                0x08004e78                TIM_OC2_SetConfig
 .text.TIM_OC3_SetConfig
                0x08004f90      0x114 ./Drivers/STM32H7xx_HAL_Driver/Src/stm32h7xx_hal_tim.o
 .text.TIM_OC4_SetConfig
                0x080050a4       0xd4 ./Drivers/STM32H7xx_HAL_Driver/Src/stm32h7xx_hal_tim.o
 .text.TIM_OC5_SetConfig
                0x08005178       0xc8 ./Drivers/STM32H7xx_HAL_Driver/Src/stm32h7xx_hal_tim.o
 .text.TIM_OC6_SetConfig
                0x08005240       0xcc ./Drivers/STM32H7xx_HAL_Driver/Src/stm32h7xx_hal_tim.o
 .text.TIM_TI1_ConfigInputStage
                0x0800530c       0xa8 ./Drivers/STM32H7xx_HAL_Driver/Src/stm32h7xx_hal_tim.o
 .text.TIM_TI2_ConfigInputStage
                0x080053b4       0x84 ./Drivers/STM32H7xx_HAL_Driver/Src/stm32h7xx_hal_tim.o
 .text.TIM_ITRx_SetConfig
                0x08005438       0x3c ./Drivers/STM32H7xx_HAL_Driver/Src/stm32h7xx_hal_tim.o
 .text.TIM_ETR_SetConfig
                0x08005474       0x40 ./Drivers/STM32H7xx_HAL_Driver/Src/stm32h7xx_hal_tim.o
                0x08005474                TIM_ETR_SetConfig
 .text.HAL_TIMEx_MasterConfigSynchronization
                0x080054b4      0x11c ./Drivers/STM32H7xx_HAL_Driver/Src/stm32h7xx_hal_tim_ex.o
                0x080054b4                HAL_TIMEx_MasterConfigSynchronization
 .text.HAL_TIMEx_ConfigBreakDeadTime
                0x080055d0       0xfc ./Drivers/STM32H7xx_HAL_Driver/Src/stm32h7xx_hal_tim_ex.o
                0x080055d0                HAL_TIMEx_ConfigBreakDeadTime
 .text.HAL_TIMEx_CommutCallback
                0x080056cc       0x14 ./Drivers/STM32H7xx_HAL_Driver/Src/stm32h7xx_hal_tim_ex.o
                0x080056cc                HAL_TIMEx_CommutCallback
 .text.HAL_TIMEx_BreakCallback
                0x080056e0       0x14 ./Drivers/STM32H7xx_HAL_Driver/Src/stm32h7xx_hal_tim_ex.o
                0x080056e0                HAL_TIMEx_BreakCallback
 .text.HAL_TIMEx_Break2Callback
                0x080056f4       0x14 ./Drivers/STM32H7xx_HAL_Driver/Src/stm32h7xx_hal_tim_ex.o
                0x080056f4                HAL_TIMEx_Break2Callback
 .text.LL_EXTI_EnableIT_0_31
                0x08005708       0x28 ./Drivers/STM32H7xx_HAL_Driver/Src/stm32h7xx_ll_exti.o
 .text.LL_EXTI_EnableIT_32_63
                0x08005730       0x28 ./Drivers/STM32H7xx_HAL_Driver/Src/stm32h7xx_ll_exti.o
 .text.LL_EXTI_EnableIT_64_95
                0x08005758       0x28 ./Drivers/STM32H7xx_HAL_Driver/Src/stm32h7xx_ll_exti.o
 .text.LL_EXTI_DisableIT_0_31
                0x08005780       0x2a ./Drivers/STM32H7xx_HAL_Driver/Src/stm32h7xx_ll_exti.o
 .text.LL_EXTI_DisableIT_32_63
                0x080057aa       0x2a ./Drivers/STM32H7xx_HAL_Driver/Src/stm32h7xx_ll_exti.o
 .text.LL_EXTI_DisableIT_64_95
                0x080057d4       0x2a ./Drivers/STM32H7xx_HAL_Driver/Src/stm32h7xx_ll_exti.o
 .text.LL_EXTI_EnableEvent_0_31
                0x080057fe       0x28 ./Drivers/STM32H7xx_HAL_Driver/Src/stm32h7xx_ll_exti.o
 .text.LL_EXTI_EnableEvent_32_63
                0x08005826       0x28 ./Drivers/STM32H7xx_HAL_Driver/Src/stm32h7xx_ll_exti.o
 .text.LL_EXTI_EnableEvent_64_95
                0x0800584e       0x28 ./Drivers/STM32H7xx_HAL_Driver/Src/stm32h7xx_ll_exti.o
 .text.LL_EXTI_DisableEvent_0_31
                0x08005876       0x2a ./Drivers/STM32H7xx_HAL_Driver/Src/stm32h7xx_ll_exti.o
 .text.LL_EXTI_DisableEvent_32_63
                0x080058a0       0x2a ./Drivers/STM32H7xx_HAL_Driver/Src/stm32h7xx_ll_exti.o
 .text.LL_EXTI_DisableEvent_64_95
                0x080058ca       0x2a ./Drivers/STM32H7xx_HAL_Driver/Src/stm32h7xx_ll_exti.o
 .text.LL_EXTI_EnableRisingTrig_0_31
                0x080058f4       0x24 ./Drivers/STM32H7xx_HAL_Driver/Src/stm32h7xx_ll_exti.o
 .text.LL_EXTI_EnableRisingTrig_32_63
                0x08005918       0x24 ./Drivers/STM32H7xx_HAL_Driver/Src/stm32h7xx_ll_exti.o
 .text.LL_EXTI_EnableRisingTrig_64_95
                0x0800593c       0x24 ./Drivers/STM32H7xx_HAL_Driver/Src/stm32h7xx_ll_exti.o
 .text.LL_EXTI_DisableRisingTrig_0_31
                0x08005960       0x26 ./Drivers/STM32H7xx_HAL_Driver/Src/stm32h7xx_ll_exti.o
 .text.LL_EXTI_DisableRisingTrig_32_63
                0x08005986       0x26 ./Drivers/STM32H7xx_HAL_Driver/Src/stm32h7xx_ll_exti.o
 .text.LL_EXTI_DisableRisingTrig_64_95
                0x080059ac       0x26 ./Drivers/STM32H7xx_HAL_Driver/Src/stm32h7xx_ll_exti.o
 .text.LL_EXTI_EnableFallingTrig_0_31
                0x080059d2       0x24 ./Drivers/STM32H7xx_HAL_Driver/Src/stm32h7xx_ll_exti.o
 .text.LL_EXTI_EnableFallingTrig_32_63
                0x080059f6       0x24 ./Drivers/STM32H7xx_HAL_Driver/Src/stm32h7xx_ll_exti.o
 .text.LL_EXTI_EnableFallingTrig_64_95
                0x08005a1a       0x24 ./Drivers/STM32H7xx_HAL_Driver/Src/stm32h7xx_ll_exti.o
 .text.LL_EXTI_DisableFallingTrig_0_31
                0x08005a3e       0x26 ./Drivers/STM32H7xx_HAL_Driver/Src/stm32h7xx_ll_exti.o
 .text.LL_EXTI_DisableFallingTrig_32_63
                0x08005a64       0x26 ./Drivers/STM32H7xx_HAL_Driver/Src/stm32h7xx_ll_exti.o
 .text.LL_EXTI_DisableFallingTrig_64_95
                0x08005a8a       0x26 ./Drivers/STM32H7xx_HAL_Driver/Src/stm32h7xx_ll_exti.o
 .text.LL_EXTI_Init
                0x08005ab0      0x272 ./Drivers/STM32H7xx_HAL_Driver/Src/stm32h7xx_ll_exti.o
                0x08005ab0                LL_EXTI_Init
 .text.LL_GPIO_SetPinMode
                0x08005d22       0x40 ./Drivers/STM32H7xx_HAL_Driver/Src/stm32h7xx_ll_gpio.o
 .text.LL_GPIO_SetPinOutputType
                0x08005d62       0x30 ./Drivers/STM32H7xx_HAL_Driver/Src/stm32h7xx_ll_gpio.o
 .text.LL_GPIO_SetPinSpeed
                0x08005d92       0x40 ./Drivers/STM32H7xx_HAL_Driver/Src/stm32h7xx_ll_gpio.o
 .text.LL_GPIO_SetPinPull
                0x08005dd2       0x40 ./Drivers/STM32H7xx_HAL_Driver/Src/stm32h7xx_ll_gpio.o
 .text.LL_GPIO_SetAFPin_0_7
                0x08005e12       0x58 ./Drivers/STM32H7xx_HAL_Driver/Src/stm32h7xx_ll_gpio.o
 .text.LL_GPIO_SetAFPin_8_15
                0x08005e6a       0x6c ./Drivers/STM32H7xx_HAL_Driver/Src/stm32h7xx_ll_gpio.o
 .text.LL_GPIO_Init
                0x08005ed6       0xdc ./Drivers/STM32H7xx_HAL_Driver/Src/stm32h7xx_ll_gpio.o
                0x08005ed6                LL_GPIO_Init
 .text.LL_TIM_SetPrescaler
                0x08005fb2       0x1c ./Drivers/STM32H7xx_HAL_Driver/Src/stm32h7xx_ll_tim.o
 .text.LL_TIM_SetAutoReload
                0x08005fce       0x1c ./Drivers/STM32H7xx_HAL_Driver/Src/stm32h7xx_ll_tim.o
 .text.LL_TIM_SetRepetitionCounter
                0x08005fea       0x1c ./Drivers/STM32H7xx_HAL_Driver/Src/stm32h7xx_ll_tim.o
 .text.LL_TIM_GenerateEvent_UPDATE
                0x08006006       0x20 ./Drivers/STM32H7xx_HAL_Driver/Src/stm32h7xx_ll_tim.o
 *fill*         0x08006026        0x2 
 .text.LL_TIM_Init
                0x08006028      0x128 ./Drivers/STM32H7xx_HAL_Driver/Src/stm32h7xx_ll_tim.o
                0x08006028                LL_TIM_Init
 .text.LL_SetSystemCoreClock
                0x08006150       0x20 ./Drivers/STM32H7xx_HAL_Driver/Src/stm32h7xx_ll_utils.o
                0x08006150                LL_SetSystemCoreClock
 .text.memset   0x08006170       0x10 C:/ST/STM32CubeIDE_1.19.0/STM32CubeIDE/plugins/com.st.stm32cube.ide.mcu.externaltools.gnu-tools-for-stm32.14.3.rel1.win32_1.0.100.202602081740/tools/bin/../lib/gcc/arm-none-eabi/14.3.1/../../../../arm-none-eabi/lib/thumb/v7e-m+dp/hard\libc_nano.a(libc_a-memset.o)
                0x08006170                memset
 .text.__libc_init_array
                0x08006180       0x48 C:/ST/STM32CubeIDE_1.19.0/STM32CubeIDE/plugins/com.st.stm32cube.ide.mcu.externaltools.gnu-tools-for-stm32.14.3.rel1.win32_1.0.100.202602081740/tools/bin/../lib/gcc/arm-none-eabi/14.3.1/../../../../arm-none-eabi/lib/thumb/v7e-m+dp/hard\libc_nano.a(libc_a-init.o)
                0x08006180                __libc_init_array
 .text.memcpy   0x080061c8       0x1c C:/ST/STM32CubeIDE_1.19.0/STM32CubeIDE/plugins/com.st.stm32cube.ide.mcu.externaltools.gnu-tools-for-stm32.14.3.rel1.win32_1.0.100.202602081740/tools/bin/../lib/gcc/arm-none-eabi/14.3.1/../../../../arm-none-eabi/lib/thumb/v7e-m+dp/hard\libc_nano.a(libc_a-memcpy-stub.o)
                0x080061c8                memcpy
 *(.glue_7)
 .glue_7        0x080061e4        0x0 linker stubs
 *(.glue_7t)
 .glue_7t       0x080061e4        0x0 linker stubs
 *(.eh_frame)
 .eh_frame      0x080061e4        0x0 C:/ST/STM32CubeIDE_1.19.0/STM32CubeIDE/plugins/com.st.stm32cube.ide.mcu.externaltools.gnu-tools-for-stm32.14.3.rel1.win32_1.0.100.202602081740/tools/bin/../lib/gcc/arm-none-eabi/14.3.1/thumb/v7e-m+dp/hard/crtbegin.o
 *(.init)
 .init          0x080061e4        0x4 C:/ST/STM32CubeIDE_1.19.0/STM32CubeIDE/plugins/com.st.stm32cube.ide.mcu.externaltools.gnu-tools-for-stm32.14.3.rel1.win32_1.0.100.202602081740/tools/bin/../lib/gcc/arm-none-eabi/14.3.1/thumb/v7e-m+dp/hard/crti.o
                0x080061e4                _init
 .init          0x080061e8        0x8 C:/ST/STM32CubeIDE_1.19.0/STM32CubeIDE/plugins/com.st.stm32cube.ide.mcu.externaltools.gnu-tools-for-stm32.14.3.rel1.win32_1.0.100.202602081740/tools/bin/../lib/gcc/arm-none-eabi/14.3.1/thumb/v7e-m+dp/hard/crtn.o
 *(.fini)
 .fini          0x080061f0        0x4 C:/ST/STM32CubeIDE_1.19.0/STM32CubeIDE/plugins/com.st.stm32cube.ide.mcu.externaltools.gnu-tools-for-stm32.14.3.rel1.win32_1.0.100.202602081740/tools/bin/../lib/gcc/arm-none-eabi/14.3.1/thumb/v7e-m+dp/hard/crti.o
                0x080061f0                _fini
 .fini          0x080061f4        0x8 C:/ST/STM32CubeIDE_1.19.0/STM32CubeIDE/plugins/com.st.stm32cube.ide.mcu.externaltools.gnu-tools-for-stm32.14.3.rel1.win32_1.0.100.202602081740/tools/bin/../lib/gcc/arm-none-eabi/14.3.1/thumb/v7e-m+dp/hard/crtn.o
                0x080061fc                        . = ALIGN (0x4)
                0x080061fc                        _etext = .

.vfp11_veneer   0x080061fc        0x0
 .vfp11_veneer  0x080061fc        0x0 linker stubs

.v4_bx          0x080061fc        0x0
 .v4_bx         0x080061fc        0x0 linker stubs

.iplt           0x080061fc        0x0
 .iplt          0x080061fc        0x0 C:/ST/STM32CubeIDE_1.19.0/STM32CubeIDE/plugins/com.st.stm32cube.ide.mcu.externaltools.gnu-tools-for-stm32.14.3.rel1.win32_1.0.100.202602081740/tools/bin/../lib/gcc/arm-none-eabi/14.3.1/thumb/v7e-m+dp/hard/crtbegin.o

.rodata         0x080061fc       0x90
                0x080061fc                        . = ALIGN (0x4)
 *(.rodata)
 .rodata        0x080061fc       0x4c ./Drivers/STM32H7xx_HAL_Driver/Src/stm32h7xx_hal_fdcan.o
 *(.rodata*)
 .rodata.D1CorePrescTable
                0x08006248       0x10 ./Core/Src/system_stm32h7xx.o
                0x08006248                D1CorePrescTable
 .rodata.OFFSET_TAB_CCMRx
                0x08006258        0x9 ./Core/Src/tim.o
 *fill*         0x08006261        0x3 
 .rodata.SHIFT_TAB_ICxx
                0x08006264        0x9 ./Core/Src/tim.o
 *fill*         0x0800626d        0x3 
 .rodata.SHIFT_TAB_CCxP
                0x08006270        0x9 ./Core/Src/tim.o
 *fill*         0x08006279        0x3 
 .rodata.DLCtoBytes
                0x0800627c       0x10 ./Drivers/STM32H7xx_HAL_Driver/Src/stm32h7xx_hal_fdcan.o
                0x0800628c                        . = ALIGN (0x4)

.ARM.extab
 *(.ARM.extab* .gnu.linkonce.armextab.*)

.ARM            0x0800628c        0x0
                0x0800628c                        __exidx_start = .
 *(.ARM.exidx*)
                0x0800628c                        __exidx_end = .

.preinit_array  0x0800628c        0x0
                0x0800628c                        PROVIDE (__preinit_array_start = .)
 *(.preinit_array*)
                0x0800628c                        PROVIDE (__preinit_array_end = .)

.init_array     0x0800628c        0x4
                0x0800628c                        PROVIDE (__init_array_start = .)
 *(SORT_BY_NAME(.init_array.*))
 *(.init_array*)
 .init_array    0x0800628c        0x4 C:/ST/STM32CubeIDE_1.19.0/STM32CubeIDE/plugins/com.st.stm32cube.ide.mcu.externaltools.gnu-tools-for-stm32.14.3.rel1.win32_1.0.100.202602081740/tools/bin/../lib/gcc/arm-none-eabi/14.3.1/thumb/v7e-m+dp/hard/crtbegin.o
                0x08006290                        PROVIDE (__init_array_end = .)

.fini_array     0x08006290        0x4
                [!provide]                        PROVIDE (__fini_array_start = .)
 *(SORT_BY_NAME(.fini_array.*))
 *(.fini_array*)
 .fini_array    0x08006290        0x4 C:/ST/STM32CubeIDE_1.19.0/STM32CubeIDE/plugins/com.st.stm32cube.ide.mcu.externaltools.gnu-tools-for-stm32.14.3.rel1.win32_1.0.100.202602081740/tools/bin/../lib/gcc/arm-none-eabi/14.3.1/thumb/v7e-m+dp/hard/crtbegin.o
                [!provide]                        PROVIDE (__fini_array_end = .)
                0x08006294                        _sidata = LOADADDR (.data)

.rel.dyn        0x08006294        0x0
 .rel.iplt      0x08006294        0x0 C:/ST/STM32CubeIDE_1.19.0/STM32CubeIDE/plugins/com.st.stm32cube.ide.mcu.externaltools.gnu-tools-for-stm32.14.3.rel1.win32_1.0.100.202602081740/tools/bin/../lib/gcc/arm-none-eabi/14.3.1/thumb/v7e-m+dp/hard/crtbegin.o

.data           0x24000000       0x10 load address 0x08006294
                0x24000000                        . = ALIGN (0x4)
                0x24000000                        _sdata = .
 *(.data)
 *(.data*)
 .data.SystemCoreClock
                0x24000000        0x4 ./Core/Src/system_stm32h7xx.o
                0x24000000                SystemCoreClock
 .data.SystemD2Clock
                0x24000004        0x4 ./Core/Src/system_stm32h7xx.o
                0x24000004                SystemD2Clock
 .data.uwTickPrio
                0x24000008        0x4 ./Drivers/STM32H7xx_HAL_Driver/Src/stm32h7xx_hal.o
                0x24000008                uwTickPrio
 .data.uwTickFreq
                0x2400000c        0x1 ./Drivers/STM32H7xx_HAL_Driver/Src/stm32h7xx_hal.o
                0x2400000c                uwTickFreq
 *(.RamFunc)
 *(.RamFunc*)
                0x24000010                        . = ALIGN (0x4)
 *fill*         0x2400000d        0x3 
                0x24000010                        _edata = .

.igot.plt       0x24000010        0x0 load address 0x080062a4
 .igot.plt      0x24000010        0x0 C:/ST/STM32CubeIDE_1.19.0/STM32CubeIDE/plugins/com.st.stm32cube.ide.mcu.externaltools.gnu-tools-for-stm32.14.3.rel1.win32_1.0.100.202602081740/tools/bin/../lib/gcc/arm-none-eabi/14.3.1/thumb/v7e-m+dp/hard/crtbegin.o
                0x24000010                        . = ALIGN (0x4)

.bss            0x24000010    0x1d634 load address 0x080062a4
                0x24000010                        _sbss = .
                0x24000010                        __bss_start__ = _sbss
 *(.bss)
 .bss           0x24000010       0x1c C:/ST/STM32CubeIDE_1.19.0/STM32CubeIDE/plugins/com.st.stm32cube.ide.mcu.externaltools.gnu-tools-for-stm32.14.3.rel1.win32_1.0.100.202602081740/tools/bin/../lib/gcc/arm-none-eabi/14.3.1/thumb/v7e-m+dp/hard/crtbegin.o
 *(.bss*)
 .bss.servo_drive
                0x2400002c    0x1d4c8 ./Core/Src/Robot_Joint.o
 .bss.pulse_error_accumulator
                0x2401d4f4        0x4 ./Core/Src/Robot_Joint.o
 .bss.servo_overflow_count
                0x2401d4f8        0x4 ./Core/Src/Robot_Joint.o
 .bss.hdac1     0x2401d4fc       0x14 ./Core/Src/dac.o
                0x2401d4fc                hdac1
 .bss.pTxHeader
                0x2401d510       0x24 ./Core/Src/fdcan.o
                0x2401d510                pTxHeader
 .bss.sFilterConfig
                0x2401d534       0x20 ./Core/Src/fdcan.o
                0x2401d534                sFilterConfig
 .bss.hfdcan2   0x2401d554       0xa0 ./Core/Src/fdcan.o
                0x2401d554                hfdcan2
 .bss.htim1     0x2401d5f4       0x4c ./Core/Src/tim.o
                0x2401d5f4                htim1
 .bss.uwTick    0x2401d640        0x4 ./Drivers/STM32H7xx_HAL_Driver/Src/stm32h7xx_hal.o
                0x2401d640                uwTick
 *(COMMON)
                0x2401d644                        . = ALIGN (0x4)
                0x2401d644                        _ebss = .
                0x2401d644                        __bss_end__ = _ebss

._user_heap_stack
                0x2401d644      0x604 load address 0x080062a4
                0x2401d648                        . = ALIGN (0x8)
 *fill*         0x2401d644        0x4 
                [!provide]                        PROVIDE (end = .)
                0x2401d648                        PROVIDE (_end = .)
                0x2401d848                        . = (. + _Min_Heap_Size)
 *fill*         0x2401d648      0x200 
                0x2401dc48                        . = (. + _Min_Stack_Size)
 *fill*         0x2401d848      0x400 
                0x2401dc48                        . = ALIGN (0x8)

/DISCARD/
 libc.a(*)
 libm.a(*)
 libgcc.a(*)

.ARM.attributes
                0x00000000       0x2e
 *(.ARM.attributes)
 .ARM.attributes
                0x00000000       0x20 C:/ST/STM32CubeIDE_1.19.0/STM32CubeIDE/plugins/com.st.stm32cube.ide.mcu.externaltools.gnu-tools-for-stm32.14.3.rel1.win32_1.0.100.202602081740/tools/bin/../lib/gcc/arm-none-eabi/14.3.1/thumb/v7e-m+dp/hard/crti.o
 .ARM.attributes
                0x00000020       0x32 C:/ST/STM32CubeIDE_1.19.0/STM32CubeIDE/plugins/com.st.stm32cube.ide.mcu.externaltools.gnu-tools-for-stm32.14.3.rel1.win32_1.0.100.202602081740/tools/bin/../lib/gcc/arm-none-eabi/14.3.1/thumb/v7e-m+dp/hard/crtbegin.o
 .ARM.attributes
                0x00000052       0x32 ./Core/Src/Robot_Joint.o
 .ARM.attributes
                0x00000084       0x32 ./Core/Src/dac.o
 .ARM.attributes
                0x000000b6       0x32 ./Core/Src/fdcan.o
 .ARM.attributes
                0x000000e8       0x32 ./Core/Src/gpio.o
 .ARM.attributes
                0x0000011a       0x32 ./Core/Src/main.o
 .ARM.attributes
                0x0000014c       0x32 ./Core/Src/stm32h7xx_hal_msp.o
 .ARM.attributes
                0x0000017e       0x32 ./Core/Src/stm32h7xx_it.o
 .ARM.attributes
                0x000001b0       0x32 ./Core/Src/system_stm32h7xx.o
 .ARM.attributes
                0x000001e2       0x32 ./Core/Src/tim.o
 .ARM.attributes
                0x00000214       0x21 ./Core/Startup/startup_stm32h743vitx.o
 .ARM.attributes
                0x00000235       0x32 ./Drivers/STM32H7xx_HAL_Driver/Src/stm32h7xx_hal.o
 .ARM.attributes
                0x00000267       0x32 ./Drivers/STM32H7xx_HAL_Driver/Src/stm32h7xx_hal_cortex.o
 .ARM.attributes
                0x00000299       0x32 ./Drivers/STM32H7xx_HAL_Driver/Src/stm32h7xx_hal_dac.o
 .ARM.attributes
                0x000002cb       0x32 ./Drivers/STM32H7xx_HAL_Driver/Src/stm32h7xx_hal_fdcan.o
 .ARM.attributes
                0x000002fd       0x32 ./Drivers/STM32H7xx_HAL_Driver/Src/stm32h7xx_hal_gpio.o
 .ARM.attributes
                0x0000032f       0x32 ./Drivers/STM32H7xx_HAL_Driver/Src/stm32h7xx_hal_rcc.o
 .ARM.attributes
                0x00000361       0x32 ./Drivers/STM32H7xx_HAL_Driver/Src/stm32h7xx_hal_tim.o
 .ARM.attributes
                0x00000393       0x32 ./Drivers/STM32H7xx_HAL_Driver/Src/stm32h7xx_hal_tim_ex.o
 .ARM.attributes
                0x000003c5       0x32 ./Drivers/STM32H7xx_HAL_Driver/Src/stm32h7xx_ll_exti.o
 .ARM.attributes
                0x000003f7       0x32 ./Drivers/STM32H7xx_HAL_Driver/Src/stm32h7xx_ll_gpio.o
 .ARM.attributes
                0x00000429       0x32 ./Drivers/STM32H7xx_HAL_Driver/Src/stm32h7xx_ll_tim.o
 .ARM.attributes
                0x0000045b       0x32 ./Drivers/STM32H7xx_HAL_Driver/Src/stm32h7xx_ll_utils.o
 .ARM.attributes
                0x0000048d       0x32 C:/ST/STM32CubeIDE_1.19.0/STM32CubeIDE/plugins/com.st.stm32cube.ide.mcu.externaltools.gnu-tools-for-stm32.14.3.rel1.win32_1.0.100.202602081740/tools/bin/../lib/gcc/arm-none-eabi/14.3.1/../../../../arm-none-eabi/lib/thumb/v7e-m+dp/hard\libc_nano.a(libc_a-memset.o)
 .ARM.attributes
                0x000004bf       0x32 C:/ST/STM32CubeIDE_1.19.0/STM32CubeIDE/plugins/com.st.stm32cube.ide.mcu.externaltools.gnu-tools-for-stm32.14.3.rel1.win32_1.0.100.202602081740/tools/bin/../lib/gcc/arm-none-eabi/14.3.1/../../../../arm-none-eabi/lib/thumb/v7e-m+dp/hard\libc_nano.a(libc_a-init.o)
 .ARM.attributes
                0x000004f1       0x32 C:/ST/STM32CubeIDE_1.19.0/STM32CubeIDE/plugins/com.st.stm32cube.ide.mcu.externaltools.gnu-tools-for-stm32.14.3.rel1.win32_1.0.100.202602081740/tools/bin/../lib/gcc/arm-none-eabi/14.3.1/../../../../arm-none-eabi/lib/thumb/v7e-m+dp/hard\libc_nano.a(libc_a-memcpy-stub.o)
 .ARM.attributes
                0x00000523       0x20 C:/ST/STM32CubeIDE_1.19.0/STM32CubeIDE/plugins/com.st.stm32cube.ide.mcu.externaltools.gnu-tools-for-stm32.14.3.rel1.win32_1.0.100.202602081740/tools/bin/../lib/gcc/arm-none-eabi/14.3.1/thumb/v7e-m+dp/hard/crtn.o
OUTPUT(KUKA_ROBOT_firmware.elf elf32-littlearm)
LOAD linker stubs
LOAD C:/ST/STM32CubeIDE_1.19.0/STM32CubeIDE/plugins/com.st.stm32cube.ide.mcu.externaltools.gnu-tools-for-stm32.14.3.rel1.win32_1.0.100.202602081740/tools/bin/../lib/gcc/arm-none-eabi/14.3.1/../../../../arm-none-eabi/lib/thumb/v7e-m+dp/hard\libc.a
LOAD C:/ST/STM32CubeIDE_1.19.0/STM32CubeIDE/plugins/com.st.stm32cube.ide.mcu.externaltools.gnu-tools-for-stm32.14.3.rel1.win32_1.0.100.202602081740/tools/bin/../lib/gcc/arm-none-eabi/14.3.1/../../../../arm-none-eabi/lib/thumb/v7e-m+dp/hard\libm.a
LOAD C:/ST/STM32CubeIDE_1.19.0/STM32CubeIDE/plugins/com.st.stm32cube.ide.mcu.externaltools.gnu-tools-for-stm32.14.3.rel1.win32_1.0.100.202602081740/tools/bin/../lib/gcc/arm-none-eabi/14.3.1/thumb/v7e-m+dp/hard\libgcc.a

.debug_info     0x00000000    0x1904d
 .debug_info    0x00000000      0xc81 ./Core/Src/Robot_Joint.o
 .debug_info    0x00000c81      0xcdd ./Core/Src/dac.o
 .debug_info    0x0000195e     0x1713 ./Core/Src/fdcan.o
 .debug_info    0x00003071     0x148e ./Core/Src/gpio.o
 .debug_info    0x000044ff     0x1cc0 ./Core/Src/main.o
 .debug_info    0x000061bf      0x517 ./Core/Src/stm32h7xx_hal_msp.o
 .debug_info    0x000066d6     0x13fd ./Core/Src/stm32h7xx_it.o
 .debug_info    0x00007ad3      0xdc1 ./Core/Src/system_stm32h7xx.o
 .debug_info    0x00008894     0x18c2 ./Core/Src/tim.o
 .debug_info    0x0000a156       0x30 ./Core/Startup/startup_stm32h743vitx.o
 .debug_info    0x0000a186     0x153b ./Drivers/STM32H7xx_HAL_Driver/Src/stm32h7xx_hal.o
 .debug_info    0x0000b6c1     0x10be ./Drivers/STM32H7xx_HAL_Driver/Src/stm32h7xx_hal_cortex.o
 .debug_info    0x0000c77f      0xbb8 ./Drivers/STM32H7xx_HAL_Driver/Src/stm32h7xx_hal_dac.o
 .debug_info    0x0000d337     0x2baf ./Drivers/STM32H7xx_HAL_Driver/Src/stm32h7xx_hal_fdcan.o
 .debug_info    0x0000fee6      0xc5a ./Drivers/STM32H7xx_HAL_Driver/Src/stm32h7xx_hal_gpio.o
 .debug_info    0x00010b40      0xe74 ./Drivers/STM32H7xx_HAL_Driver/Src/stm32h7xx_hal_rcc.o
 .debug_info    0x000119b4     0x2bae ./Drivers/STM32H7xx_HAL_Driver/Src/stm32h7xx_hal_tim.o
 .debug_info    0x00014562     0x17eb ./Drivers/STM32H7xx_HAL_Driver/Src/stm32h7xx_hal_tim_ex.o
 .debug_info    0x00015d4d      0x729 ./Drivers/STM32H7xx_HAL_Driver/Src/stm32h7xx_ll_exti.o
 .debug_info    0x00016476      0x8a9 ./Drivers/STM32H7xx_HAL_Driver/Src/stm32h7xx_ll_gpio.o
 .debug_info    0x00016d1f     0x1317 ./Drivers/STM32H7xx_HAL_Driver/Src/stm32h7xx_ll_tim.o
 .debug_info    0x00018036     0x1017 ./Drivers/STM32H7xx_HAL_Driver/Src/stm32h7xx_ll_utils.o

.debug_abbrev   0x00000000     0x3071
 .debug_abbrev  0x00000000      0x265 ./Core/Src/Robot_Joint.o
 .debug_abbrev  0x00000265      0x229 ./Core/Src/dac.o
 .debug_abbrev  0x0000048e      0x2a3 ./Core/Src/fdcan.o
 .debug_abbrev  0x00000731      0x282 ./Core/Src/gpio.o
 .debug_abbrev  0x000009b3      0x2e4 ./Core/Src/main.o
 .debug_abbrev  0x00000c97       0xe2 ./Core/Src/stm32h7xx_hal_msp.o
 .debug_abbrev  0x00000d79      0x272 ./Core/Src/stm32h7xx_it.o
 .debug_abbrev  0x00000feb      0x165 ./Core/Src/system_stm32h7xx.o
 .debug_abbrev  0x00001150      0x275 ./Core/Src/tim.o
 .debug_abbrev  0x000013c5       0x24 ./Core/Startup/startup_stm32h743vitx.o
 .debug_abbrev  0x000013e9      0x295 ./Drivers/STM32H7xx_HAL_Driver/Src/stm32h7xx_hal.o
 .debug_abbrev  0x0000167e      0x339 ./Drivers/STM32H7xx_HAL_Driver/Src/stm32h7xx_hal_cortex.o
 .debug_abbrev  0x000019b7      0x20c ./Drivers/STM32H7xx_HAL_Driver/Src/stm32h7xx_hal_dac.o
 .debug_abbrev  0x00001bc3      0x288 ./Drivers/STM32H7xx_HAL_Driver/Src/stm32h7xx_hal_fdcan.o
 .debug_abbrev  0x00001e4b      0x205 ./Drivers/STM32H7xx_HAL_Driver/Src/stm32h7xx_hal_gpio.o
 .debug_abbrev  0x00002050      0x2c8 ./Drivers/STM32H7xx_HAL_Driver/Src/stm32h7xx_hal_rcc.o
 .debug_abbrev  0x00002318      0x276 ./Drivers/STM32H7xx_HAL_Driver/Src/stm32h7xx_hal_tim.o
 .debug_abbrev  0x0000258e      0x281 ./Drivers/STM32H7xx_HAL_Driver/Src/stm32h7xx_hal_tim_ex.o
 .debug_abbrev  0x0000280f      0x19a ./Drivers/STM32H7xx_HAL_Driver/Src/stm32h7xx_ll_exti.o
 .debug_abbrev  0x000029a9      0x231 ./Drivers/STM32H7xx_HAL_Driver/Src/stm32h7xx_ll_gpio.o
 .debug_abbrev  0x00002bda      0x22f ./Drivers/STM32H7xx_HAL_Driver/Src/stm32h7xx_ll_tim.o
 .debug_abbrev  0x00002e09      0x268 ./Drivers/STM32H7xx_HAL_Driver/Src/stm32h7xx_ll_utils.o

.debug_aranges  0x00000000     0x1518
 .debug_aranges
                0x00000000       0x60 ./Core/Src/Robot_Joint.o
 .debug_aranges
                0x00000060       0x30 ./Core/Src/dac.o
 .debug_aranges
                0x00000090       0x50 ./Core/Src/fdcan.o
 .debug_aranges
                0x000000e0       0x68 ./Core/Src/gpio.o
 .debug_aranges
                0x00000148      0x128 ./Core/Src/main.o
 .debug_aranges
                0x00000270       0x20 ./Core/Src/stm32h7xx_hal_msp.o
 .debug_aranges
                0x00000290       0x88 ./Core/Src/stm32h7xx_it.o
 .debug_aranges
                0x00000318       0x30 ./Core/Src/system_stm32h7xx.o
 .debug_aranges
                0x00000348       0x90 ./Core/Src/tim.o
 .debug_aranges
                0x000003d8       0x28 ./Core/Startup/startup_stm32h743vitx.o
 .debug_aranges
                0x00000400      0x198 ./Drivers/STM32H7xx_HAL_Driver/Src/stm32h7xx_hal.o
 .debug_aranges
                0x00000598      0x130 ./Drivers/STM32H7xx_HAL_Driver/Src/stm32h7xx_hal_cortex.o
 .debug_aranges
                0x000006c8       0xc0 ./Drivers/STM32H7xx_HAL_Driver/Src/stm32h7xx_hal_dac.o
 .debug_aranges
                0x00000788      0x338 ./Drivers/STM32H7xx_HAL_Driver/Src/stm32h7xx_hal_fdcan.o
 .debug_aranges
                0x00000ac0       0x58 ./Drivers/STM32H7xx_HAL_Driver/Src/stm32h7xx_hal_gpio.o
 .debug_aranges
                0x00000b18       0x88 ./Drivers/STM32H7xx_HAL_Driver/Src/stm32h7xx_hal_rcc.o
 .debug_aranges
                0x00000ba0      0x3e0 ./Drivers/STM32H7xx_HAL_Driver/Src/stm32h7xx_hal_tim.o
 .debug_aranges
                0x00000f80      0x188 ./Drivers/STM32H7xx_HAL_Driver/Src/stm32h7xx_hal_tim_ex.o
 .debug_aranges
                0x00001108       0xf0 ./Drivers/STM32H7xx_HAL_Driver/Src/stm32h7xx_ll_exti.o
 .debug_aranges
                0x000011f8       0x70 ./Drivers/STM32H7xx_HAL_Driver/Src/stm32h7xx_ll_gpio.o
 .debug_aranges
                0x00001268      0x148 ./Drivers/STM32H7xx_HAL_Driver/Src/stm32h7xx_ll_tim.o
 .debug_aranges
                0x000013b0      0x168 ./Drivers/STM32H7xx_HAL_Driver/Src/stm32h7xx_ll_utils.o

.debug_rnglists
                0x00000000     0x102d
 .debug_rnglists
                0x00000000       0x46 ./Core/Src/Robot_Joint.o
 .debug_rnglists
                0x00000046       0x20 ./Core/Src/dac.o
 .debug_rnglists
                0x00000066       0x3b ./Core/Src/fdcan.o
 .debug_rnglists
                0x000000a1       0x4a ./Core/Src/gpio.o
 .debug_rnglists
                0x000000eb       0xdb ./Core/Src/main.o
 .debug_rnglists
                0x000001c6       0x13 ./Core/Src/stm32h7xx_hal_msp.o
 .debug_rnglists
                0x000001d9       0x61 ./Core/Src/stm32h7xx_it.o
 .debug_rnglists
                0x0000023a       0x21 ./Core/Src/system_stm32h7xx.o
 .debug_rnglists
                0x0000025b       0x6d ./Core/Src/tim.o
 .debug_rnglists
                0x000002c8       0x19 ./Core/Startup/startup_stm32h743vitx.o
 .debug_rnglists
                0x000002e1      0x131 ./Drivers/STM32H7xx_HAL_Driver/Src/stm32h7xx_hal.o
 .debug_rnglists
                0x00000412       0xe0 ./Drivers/STM32H7xx_HAL_Driver/Src/stm32h7xx_hal_cortex.o
 .debug_rnglists
                0x000004f2       0x90 ./Drivers/STM32H7xx_HAL_Driver/Src/stm32h7xx_hal_dac.o
 .debug_rnglists
                0x00000582      0x28b ./Drivers/STM32H7xx_HAL_Driver/Src/stm32h7xx_hal_fdcan.o
 .debug_rnglists
                0x0000080d       0x3f ./Drivers/STM32H7xx_HAL_Driver/Src/stm32h7xx_hal_gpio.o
 .debug_rnglists
                0x0000084c       0x68 ./Drivers/STM32H7xx_HAL_Driver/Src/stm32h7xx_hal_rcc.o
 .debug_rnglists
                0x000008b4      0x32c ./Drivers/STM32H7xx_HAL_Driver/Src/stm32h7xx_hal_tim.o
 .debug_rnglists
                0x00000be0      0x13f ./Drivers/STM32H7xx_HAL_Driver/Src/stm32h7xx_hal_tim_ex.o
 .debug_rnglists
                0x00000d1f       0xb1 ./Drivers/STM32H7xx_HAL_Driver/Src/stm32h7xx_ll_exti.o
 .debug_rnglists
                0x00000dd0       0x51 ./Drivers/STM32H7xx_HAL_Driver/Src/stm32h7xx_ll_gpio.o
 .debug_rnglists
                0x00000e21       0xfe ./Drivers/STM32H7xx_HAL_Driver/Src/stm32h7xx_ll_tim.o
 .debug_rnglists
                0x00000f1f      0x10e ./Drivers/STM32H7xx_HAL_Driver/Src/stm32h7xx_ll_utils.o

.debug_macro    0x00000000    0x3ced4
 .debug_macro   0x00000000      0x371 ./Core/Src/Robot_Joint.o
 .debug_macro   0x00000371      0xafc ./Core/Src/Robot_Joint.o
 .debug_macro   0x00000e6d      0x23e ./Core/Src/Robot_Joint.o
 .debug_macro   0x000010ab       0x2e ./Core/Src/Robot_Joint.o
 .debug_macro   0x000010d9       0x3b ./Core/Src/Robot_Joint.o
 .debug_macro   0x00001114       0x22 ./Core/Src/Robot_Joint.o
 .debug_macro   0x00001136       0x8e ./Core/Src/Robot_Joint.o
 .debug_macro   0x000011c4       0x51 ./Core/Src/Robot_Joint.o
 .debug_macro   0x00001215      0x103 ./Core/Src/Robot_Joint.o
 .debug_macro   0x00001318       0x6a ./Core/Src/Robot_Joint.o
 .debug_macro   0x00001382      0x1df ./Core/Src/Robot_Joint.o
 .debug_macro   0x00001561       0x1c ./Core/Src/Robot_Joint.o
 .debug_macro   0x0000157d       0x22 ./Core/Src/Robot_Joint.o
 .debug_macro   0x0000159f       0xfb ./Core/Src/Robot_Joint.o
 .debug_macro   0x0000169a     0x1313 ./Core/Src/Robot_Joint.o
 .debug_macro   0x000029ad      0x11f ./Core/Src/Robot_Joint.o
 .debug_macro   0x00002acc       0x22 ./Core/Src/Robot_Joint.o
 .debug_macro   0x00002aee    0x25bb3 ./Core/Src/Robot_Joint.o
 .debug_macro   0x000286a1       0x6d ./Core/Src/Robot_Joint.o
 .debug_macro   0x0002870e     0x3d79 ./Core/Src/Robot_Joint.o
 .debug_macro   0x0002c487      0x190 ./Core/Src/Robot_Joint.o
 .debug_macro   0x0002c617       0x61 ./Core/Src/Robot_Joint.o
 .debug_macro   0x0002c678       0x29 ./Core/Src/Robot_Joint.o
 .debug_macro   0x0002c6a1       0x43 ./Core/Src/Robot_Joint.o
 .debug_macro   0x0002c6e4       0x34 ./Core/Src/Robot_Joint.o
 .debug_macro   0x0002c718      0x364 ./Core/Src/Robot_Joint.o
 .debug_macro   0x0002ca7c       0x16 ./Core/Src/Robot_Joint.o
 .debug_macro   0x0002ca92       0x4a ./Core/Src/Robot_Joint.o
 .debug_macro   0x0002cadc       0x34 ./Core/Src/Robot_Joint.o
 .debug_macro   0x0002cb10       0x10 ./Core/Src/Robot_Joint.o
 .debug_macro   0x0002cb20       0x58 ./Core/Src/Robot_Joint.o
 .debug_macro   0x0002cb78       0x8e ./Core/Src/Robot_Joint.o
 .debug_macro   0x0002cc06       0x1c ./Core/Src/Robot_Joint.o
 .debug_macro   0x0002cc22      0x17e ./Core/Src/Robot_Joint.o
 .debug_macro   0x0002cda0      0x19b ./Core/Src/Robot_Joint.o
 .debug_macro   0x0002cf3b       0x5d ./Core/Src/Robot_Joint.o
 .debug_macro   0x0002cf98     0x2382 ./Core/Src/Robot_Joint.o
 .debug_macro   0x0002f31a     0x102c ./Core/Src/Robot_Joint.o
 .debug_macro   0x00030346      0x154 ./Core/Src/Robot_Joint.o
 .debug_macro   0x0003049a      0x114 ./Core/Src/Robot_Joint.o
 .debug_macro   0x000305ae      0x3b6 ./Core/Src/Robot_Joint.o
 .debug_macro   0x00030964       0xac ./Core/Src/Robot_Joint.o
 .debug_macro   0x00030a10      0x72d ./Core/Src/Robot_Joint.o
 .debug_macro   0x0003113d      0x228 ./Core/Src/Robot_Joint.o
 .debug_macro   0x00031365       0x66 ./Core/Src/Robot_Joint.o
 .debug_macro   0x000313cb      0x3bb ./Core/Src/Robot_Joint.o
 .debug_macro   0x00031786      0x3e4 ./Core/Src/Robot_Joint.o
 .debug_macro   0x00031b6a      0x275 ./Core/Src/Robot_Joint.o
 .debug_macro   0x00031ddf      0xe42 ./Core/Src/Robot_Joint.o
 .debug_macro   0x00032c21      0x184 ./Core/Src/Robot_Joint.o
 .debug_macro   0x00032da5       0xd8 ./Core/Src/Robot_Joint.o
 .debug_macro   0x00032e7d      0x3ca ./Core/Src/Robot_Joint.o
 .debug_macro   0x00033247      0x408 ./Core/Src/Robot_Joint.o
 .debug_macro   0x0003364f       0x51 ./Core/Src/Robot_Joint.o
 .debug_macro   0x000336a0       0x4a ./Core/Src/Robot_Joint.o
 .debug_macro   0x000336ea      0x22c ./Core/Src/Robot_Joint.o
 .debug_macro   0x00033916       0x67 ./Core/Src/Robot_Joint.o
 .debug_macro   0x0003397d       0xa5 ./Core/Src/Robot_Joint.o
 .debug_macro   0x00033a22      0x1c4 ./Core/Src/Robot_Joint.o
 .debug_macro   0x00033be6      0x25e ./Core/Src/Robot_Joint.o
 .debug_macro   0x00033e44       0x35 ./Core/Src/Robot_Joint.o
 .debug_macro   0x00033e79      0xafa ./Core/Src/Robot_Joint.o
 .debug_macro   0x00034973      0x29f ./Core/Src/Robot_Joint.o
 .debug_macro   0x00034c12      0x5ac ./Core/Src/Robot_Joint.o
 .debug_macro   0x000351be      0x9dc ./Core/Src/Robot_Joint.o
 .debug_macro   0x00035b9a       0xd0 ./Core/Src/Robot_Joint.o
 .debug_macro   0x00035c6a      0x33d ./Core/Src/Robot_Joint.o
 .debug_macro   0x00035fa7      0x36f ./Core/Src/Robot_Joint.o
 .debug_macro   0x00036316      0x287 ./Core/Src/Robot_Joint.o
 .debug_macro   0x0003659d      0x1e0 ./Core/Src/Robot_Joint.o
 .debug_macro   0x0003677d       0x46 ./Core/Src/Robot_Joint.o
 .debug_macro   0x000367c3      0x1f8 ./Core/Src/Robot_Joint.o
 .debug_macro   0x000369bb      0x79a ./Core/Src/Robot_Joint.o
 .debug_macro   0x00037155      0x1ae ./Core/Src/Robot_Joint.o
 .debug_macro   0x00037303      0xa79 ./Core/Src/Robot_Joint.o
 .debug_macro   0x00037d7c      0x165 ./Core/Src/Robot_Joint.o
 .debug_macro   0x00037ee1       0xf0 ./Core/Src/Robot_Joint.o
 .debug_macro   0x00037fd1       0x88 ./Core/Src/Robot_Joint.o
 .debug_macro   0x00038059       0x22 ./Core/Src/Robot_Joint.o
 .debug_macro   0x0003807b       0x88 ./Core/Src/Robot_Joint.o
 .debug_macro   0x00038103      0x35f ./Core/Src/dac.o
 .debug_macro   0x00038462      0x37d ./Core/Src/fdcan.o
 .debug_macro   0x000387df      0x35f ./Core/Src/gpio.o
 .debug_macro   0x00038b3e      0x3a3 ./Core/Src/main.o
 .debug_macro   0x00038ee1      0x355 ./Core/Src/stm32h7xx_hal_msp.o
 .debug_macro   0x00039236      0x37b ./Core/Src/stm32h7xx_it.o
 .debug_macro   0x000395b1      0x2bd ./Core/Src/system_stm32h7xx.o
 .debug_macro   0x0003986e      0x35f ./Core/Src/tim.o
 .debug_macro   0x00039bcd      0x2e7 ./Drivers/STM32H7xx_HAL_Driver/Src/stm32h7xx_hal.o
 .debug_macro   0x00039eb4      0x2bd ./Drivers/STM32H7xx_HAL_Driver/Src/stm32h7xx_hal_cortex.o
 .debug_macro   0x0003a171      0x2c5 ./Drivers/STM32H7xx_HAL_Driver/Src/stm32h7xx_hal_dac.o
 .debug_macro   0x0003a436      0x3c1 ./Drivers/STM32H7xx_HAL_Driver/Src/stm32h7xx_hal_fdcan.o
 .debug_macro   0x0003a7f7      0x2c4 ./Drivers/STM32H7xx_HAL_Driver/Src/stm32h7xx_hal_gpio.o
 .debug_macro   0x0003aabb      0x2e1 ./Drivers/STM32H7xx_HAL_Driver/Src/stm32h7xx_hal_rcc.o
 .debug_macro   0x0003ad9c      0x2be ./Drivers/STM32H7xx_HAL_Driver/Src/stm32h7xx_hal_tim.o
 .debug_macro   0x0003b05a      0x2bd ./Drivers/STM32H7xx_HAL_Driver/Src/stm32h7xx_hal_tim_ex.o
 .debug_macro   0x0003b317      0x2f0 ./Drivers/STM32H7xx_HAL_Driver/Src/stm32h7xx_ll_exti.o
 .debug_macro   0x0003b607      0x281 ./Drivers/STM32H7xx_HAL_Driver/Src/stm32h7xx_ll_exti.o
 .debug_macro   0x0003b888      0x2ff ./Drivers/STM32H7xx_HAL_Driver/Src/stm32h7xx_ll_gpio.o
 .debug_macro   0x0003bb87      0x15f ./Drivers/STM32H7xx_HAL_Driver/Src/stm32h7xx_ll_gpio.o
 .debug_macro   0x0003bce6      0x366 ./Drivers/STM32H7xx_HAL_Driver/Src/stm32h7xx_ll_tim.o
 .debug_macro   0x0003c04c      0xa73 ./Drivers/STM32H7xx_HAL_Driver/Src/stm32h7xx_ll_tim.o
 .debug_macro   0x0003cabf      0x415 ./Drivers/STM32H7xx_HAL_Driver/Src/stm32h7xx_ll_utils.o

.debug_line     0x00000000    0x17e34
 .debug_line    0x00000000      0xcef ./Core/Src/Robot_Joint.o
 .debug_line    0x00000cef      0xab4 ./Core/Src/dac.o
 .debug_line    0x000017a3      0xc1b ./Core/Src/fdcan.o
 .debug_line    0x000023be      0xc25 ./Core/Src/gpio.o
 .debug_line    0x00002fe3      0xedc ./Core/Src/main.o
 .debug_line    0x00003ebf      0xa39 ./Core/Src/stm32h7xx_hal_msp.o
 .debug_line    0x000048f8      0xbaa ./Core/Src/stm32h7xx_it.o
 .debug_line    0x000054a2      0xb16 ./Core/Src/system_stm32h7xx.o
 .debug_line    0x00005fb8      0xe56 ./Core/Src/tim.o
 .debug_line    0x00006e0e       0x7b ./Core/Startup/startup_stm32h743vitx.o
 .debug_line    0x00006e89      0xee9 ./Drivers/STM32H7xx_HAL_Driver/Src/stm32h7xx_hal.o
 .debug_line    0x00007d72      0xecc ./Drivers/STM32H7xx_HAL_Driver/Src/stm32h7xx_hal_cortex.o
 .debug_line    0x00008c3e      0xe0a ./Drivers/STM32H7xx_HAL_Driver/Src/stm32h7xx_hal_dac.o
 .debug_line    0x00009a48     0x298f ./Drivers/STM32H7xx_HAL_Driver/Src/stm32h7xx_hal_fdcan.o
 .debug_line    0x0000c3d7      0xd7f ./Drivers/STM32H7xx_HAL_Driver/Src/stm32h7xx_hal_gpio.o
 .debug_line    0x0000d156     0x158d ./Drivers/STM32H7xx_HAL_Driver/Src/stm32h7xx_hal_rcc.o
 .debug_line    0x0000e6e3     0x40be ./Drivers/STM32H7xx_HAL_Driver/Src/stm32h7xx_hal_tim.o
 .debug_line    0x000127a1     0x1dac ./Drivers/STM32H7xx_HAL_Driver/Src/stm32h7xx_hal_tim_ex.o
 .debug_line    0x0001454d      0xcbd ./Drivers/STM32H7xx_HAL_Driver/Src/stm32h7xx_ll_exti.o
 .debug_line    0x0001520a      0xb1f ./Drivers/STM32H7xx_HAL_Driver/Src/stm32h7xx_ll_gpio.o
 .debug_line    0x00015d29     0x10b8 ./Drivers/STM32H7xx_HAL_Driver/Src/stm32h7xx_ll_tim.o
 .debug_line    0x00016de1     0x1053 ./Drivers/STM32H7xx_HAL_Driver/Src/stm32h7xx_ll_utils.o

.debug_str      0x00000000   0x180f5f
 .debug_str     0x00000000   0x180f5f ./Core/Src/Robot_Joint.o
                             0x17871d (size before relaxing)
 .debug_str     0x00180f5f   0x178465 ./Core/Src/dac.o
 .debug_str     0x00180f5f   0x1791fa ./Core/Src/fdcan.o
 .debug_str     0x00180f5f   0x178a84 ./Core/Src/gpio.o
 .debug_str     0x00180f5f   0x179134 ./Core/Src/main.o
 .debug_str     0x00180f5f   0x177e18 ./Core/Src/stm32h7xx_hal_msp.o
 .debug_str     0x00180f5f   0x178c35 ./Core/Src/stm32h7xx_it.o
 .debug_str     0x00180f5f   0x1616db ./Core/Src/system_stm32h7xx.o
 .debug_str     0x00180f5f   0x17925c ./Core/Src/tim.o
 .debug_str     0x00180f5f       0x96 ./Core/Startup/startup_stm32h743vitx.o
 .debug_str     0x00180f5f   0x1625ab ./Drivers/STM32H7xx_HAL_Driver/Src/stm32h7xx_hal.o
 .debug_str     0x00180f5f   0x161fed ./Drivers/STM32H7xx_HAL_Driver/Src/stm32h7xx_hal_cortex.o
 .debug_str     0x00180f5f   0x16193f ./Drivers/STM32H7xx_HAL_Driver/Src/stm32h7xx_hal_dac.o
 .debug_str     0x00180f5f   0x163452 ./Drivers/STM32H7xx_HAL_Driver/Src/stm32h7xx_hal_fdcan.o
 .debug_str     0x00180f5f   0x16164c ./Drivers/STM32H7xx_HAL_Driver/Src/stm32h7xx_hal_gpio.o
 .debug_str     0x00180f5f   0x161a30 ./Drivers/STM32H7xx_HAL_Driver/Src/stm32h7xx_hal_rcc.o
 .debug_str     0x00180f5f   0x1627cf ./Drivers/STM32H7xx_HAL_Driver/Src/stm32h7xx_hal_tim.o
 .debug_str     0x00180f5f   0x1620f7 ./Drivers/STM32H7xx_HAL_Driver/Src/stm32h7xx_hal_tim_ex.o
 .debug_str     0x00180f5f   0x162468 ./Drivers/STM32H7xx_HAL_Driver/Src/stm32h7xx_ll_exti.o
 .debug_str     0x00180f5f   0x1637e4 ./Drivers/STM32H7xx_HAL_Driver/Src/stm32h7xx_ll_gpio.o
 .debug_str     0x00180f5f   0x1697d3 ./Drivers/STM32H7xx_HAL_Driver/Src/stm32h7xx_ll_tim.o
 .debug_str     0x00180f5f   0x16dbf5 ./Drivers/STM32H7xx_HAL_Driver/Src/stm32h7xx_ll_utils.o

.comment        0x00000000       0x43
 .comment       0x00000000       0x43 ./Core/Src/Robot_Joint.o
                                 0x44 (size before relaxing)
 .comment       0x00000043       0x44 ./Core/Src/dac.o
 .comment       0x00000043       0x44 ./Core/Src/fdcan.o
 .comment       0x00000043       0x44 ./Core/Src/gpio.o
 .comment       0x00000043       0x44 ./Core/Src/main.o
 .comment       0x00000043       0x44 ./Core/Src/stm32h7xx_hal_msp.o
 .comment       0x00000043       0x44 ./Core/Src/stm32h7xx_it.o
 .comment       0x00000043       0x44 ./Core/Src/system_stm32h7xx.o
 .comment       0x00000043       0x44 ./Core/Src/tim.o
 .comment       0x00000043       0x44 ./Drivers/STM32H7xx_HAL_Driver/Src/stm32h7xx_hal.o
 .comment       0x00000043       0x44 ./Drivers/STM32H7xx_HAL_Driver/Src/stm32h7xx_hal_cortex.o
 .comment       0x00000043       0x44 ./Drivers/STM32H7xx_HAL_Driver/Src/stm32h7xx_hal_dac.o
 .comment       0x00000043       0x44 ./Drivers/STM32H7xx_HAL_Driver/Src/stm32h7xx_hal_fdcan.o
 .comment       0x00000043       0x44 ./Drivers/STM32H7xx_HAL_Driver/Src/stm32h7xx_hal_gpio.o
 .comment       0x00000043       0x44 ./Drivers/STM32H7xx_HAL_Driver/Src/stm32h7xx_hal_rcc.o
 .comment       0x00000043       0x44 ./Drivers/STM32H7xx_HAL_Driver/Src/stm32h7xx_hal_tim.o
 .comment       0x00000043       0x44 ./Drivers/STM32H7xx_HAL_Driver/Src/stm32h7xx_hal_tim_ex.o
 .comment       0x00000043       0x44 ./Drivers/STM32H7xx_HAL_Driver/Src/stm32h7xx_ll_exti.o
 .comment       0x00000043       0x44 ./Drivers/STM32H7xx_HAL_Driver/Src/stm32h7xx_ll_gpio.o
 .comment       0x00000043       0x44 ./Drivers/STM32H7xx_HAL_Driver/Src/stm32h7xx_ll_tim.o
 .comment       0x00000043       0x44 ./Drivers/STM32H7xx_HAL_Driver/Src/stm32h7xx_ll_utils.o

.debug_frame    0x00000000     0x5480
 .debug_frame   0x00000000      0x140 ./Core/Src/Robot_Joint.o
 .debug_frame   0x00000140       0x7c ./Core/Src/dac.o
 .debug_frame   0x000001bc      0x104 ./Core/Src/fdcan.o
 .debug_frame   0x000002c0      0x170 ./Core/Src/gpio.o
 .debug_frame   0x00000430      0x470 ./Core/Src/main.o
 .debug_frame   0x000008a0       0x34 ./Core/Src/stm32h7xx_hal_msp.o
 .debug_frame   0x000008d4      0x19c ./Core/Src/stm32h7xx_it.o
 .debug_frame   0x00000a70       0x60 ./Core/Src/system_stm32h7xx.o
 .debug_frame   0x00000ad0      0x22c ./Core/Src/tim.o
 .debug_frame   0x00000cfc      0x5e8 ./Drivers/STM32H7xx_HAL_Driver/Src/stm32h7xx_hal.o
 .debug_frame   0x000012e4      0x4b8 ./Drivers/STM32H7xx_HAL_Driver/Src/stm32h7xx_hal_cortex.o
 .debug_frame   0x0000179c      0x308 ./Drivers/STM32H7xx_HAL_Driver/Src/stm32h7xx_hal_dac.o
 .debug_frame   0x00001aa4      0xe2c ./Drivers/STM32H7xx_HAL_Driver/Src/stm32h7xx_hal_fdcan.o
 .debug_frame   0x000028d0      0x130 ./Drivers/STM32H7xx_HAL_Driver/Src/stm32h7xx_hal_gpio.o
 .debug_frame   0x00002a00      0x1e4 ./Drivers/STM32H7xx_HAL_Driver/Src/stm32h7xx_hal_rcc.o
 .debug_frame   0x00002be4     0x1144 ./Drivers/STM32H7xx_HAL_Driver/Src/stm32h7xx_hal_tim.o
 .debug_frame   0x00003d28      0x690 ./Drivers/STM32H7xx_HAL_Driver/Src/stm32h7xx_hal_tim_ex.o
 .debug_frame   0x000043b8      0x3d8 ./Drivers/STM32H7xx_HAL_Driver/Src/stm32h7xx_ll_exti.o
 .debug_frame   0x00004790      0x19c ./Drivers/STM32H7xx_HAL_Driver/Src/stm32h7xx_ll_gpio.o
 .debug_frame   0x0000492c      0x568 ./Drivers/STM32H7xx_HAL_Driver/Src/stm32h7xx_ll_tim.o
 .debug_frame   0x00004e94      0x578 ./Drivers/STM32H7xx_HAL_Driver/Src/stm32h7xx_ll_utils.o
 .debug_frame   0x0000540c       0x20 C:/ST/STM32CubeIDE_1.19.0/STM32CubeIDE/plugins/com.st.stm32cube.ide.mcu.externaltools.gnu-tools-for-stm32.14.3.rel1.win32_1.0.100.202602081740/tools/bin/../lib/gcc/arm-none-eabi/14.3.1/../../../../arm-none-eabi/lib/thumb/v7e-m+dp/hard\libc_nano.a(libc_a-memset.o)
 .debug_frame   0x0000542c       0x2c C:/ST/STM32CubeIDE_1.19.0/STM32CubeIDE/plugins/com.st.stm32cube.ide.mcu.externaltools.gnu-tools-for-stm32.14.3.rel1.win32_1.0.100.202602081740/tools/bin/../lib/gcc/arm-none-eabi/14.3.1/../../../../arm-none-eabi/lib/thumb/v7e-m+dp/hard\libc_nano.a(libc_a-init.o)
 .debug_frame   0x00005458       0x28 C:/ST/STM32CubeIDE_1.19.0/STM32CubeIDE/plugins/com.st.stm32cube.ide.mcu.externaltools.gnu-tools-for-stm32.14.3.rel1.win32_1.0.100.202602081740/tools/bin/../lib/gcc/arm-none-eabi/14.3.1/../../../../arm-none-eabi/lib/thumb/v7e-m+dp/hard\libc_nano.a(libc_a-memcpy-stub.o)

.debug_line_str
                0x00000000       0x7a
 .debug_line_str
                0x00000000       0x7a ./Core/Startup/startup_stm32h743vitx.o
