../Core/Src/Robot_Joint.c:18:10:Servo_Get_Overflow_Count	4	static
../Core/Src/Robot_Joint.c:23:6:Servo_Init	8	static,ignoring_inline_asm
../Core/Src/Robot_Joint.c:38:6:Servo_Enable	16	static
../Core/Src/Robot_Joint.c:43:6:Motor_Brake	16	static
../Core/Src/Robot_Joint.c:48:6:Servo_Is_Busy	4	static
../Core/Src/Robot_Joint.c:53:13:Servo_PTO	24	static,ignoring_inline_asm
../Core/Src/Robot_Joint.c:105:6:Servo_Fault_Handler	16	static,ignoring_inline_asm
../Core/Src/Robot_Joint.c:132:6:Servo_Push_Command	64	static,ignoring_inline_asm
../Core/Src/Robot_Joint.c:180:6:HAL_TIM_PeriodElapsedCallback	16	static
